<html>
<body>
<pre>
<h1>µVision Build Log</h1>
<h2>Tool Versions:</h2>
IDE-Version: ¦ÌVision V5.14.0.0
Copyright (C) 2015 ARM Ltd and ARM Germany GmbH. All rights reserved.
License Information: aa bb, cc, LIC=GE774-FZ1SH-D2QL7-EHEHV-KLD23-Y0CM9
 
Tool Versions:
Toolchain:       MDK-ARM Professional  Version: 5.14.0.0
Toolchain Path:  C:\Keil_v5\ARM\ARMCC\Bin
C Compiler:      Armcc.exe V5.05 update 1 (build 106)
Assembler:       Armasm.exe V5.05 update 1 (build 106)
Linker/Locator:  ArmLink.exe V5.05 update 1 (build 106)
Library Manager: ArmAr.exe V5.05 update 1 (build 106)
Hex Converter:   FromElf.exe V5.05 update 1 (build 106)
CPU DLL:         SARMCM3.DLL V5.14.0.0
Dialog DLL:      DARMSTM.DLL V1.65.0.0
Target DLL:      STLink\ST-LINKIII-KEIL_SWO.dll V2.0.14.0_KEIL
Dialog DLL:      TARMSTMDLL
 
<h2>Project:</h2>
E:\mazong\20190722\Voltage_0722\Voltage.uvprojx
Project File Date:  07/28/2019

<h2>Output:</h2>
Build target 'Target 1'
compiling stm32f37x_it.c...
stm32f3\stm32f37x_it.c(321): warning:  #177-D: variable "ChannelIndex" was declared but never referenced
     uint32_t ChannelIndex,ChannelIndex2;
stm32f3\stm32f37x_it.c(390): warning:  #223-D: function "CAN1_Receive_Msg" declared implicitly
           CAN1_Receive_Msg(&received_msg);
stm32f3\stm32f37x_it.c(401): warning:  #177-D: variable "i" was declared but never referenced
     uint16_t i;
stm32f3\stm32f37x_it.c(412): warning:  #177-D: variable "i" was declared but never referenced
     uint16_t i;
stm32f3\stm32f37x_it.c(422): warning:  #177-D: variable "i" was declared but never referenced
        uint16_t i;
stm32f3\stm32f37x_it.c(450): warning:  #177-D: variable "i" was declared but never referenced
        uint16_t i;
stm32f3\stm32f37x_it.c(520): warning:  #188-D: enumerated type mixed with another type
              Vbleft = 1;
stm32f3\stm32f37x_it.c(521): warning:  #188-D: enumerated type mixed with another type
              Vbright = 0;
stm32f3\stm32f37x_it.c(527): warning:  #188-D: enumerated type mixed with another type
              Vbleft = 0;
stm32f3\stm32f37x_it.c(528): warning:  #188-D: enumerated type mixed with another type
              Vbright = 1;
stm32f3\stm32f37x_it.c(541): warning:  #188-D: enumerated type mixed with another type
              Vbleft = 0;
stm32f3\stm32f37x_it.c(542): warning:  #188-D: enumerated type mixed with another type
              Vbright = 1;
stm32f3\stm32f37x_it.c(552): warning:  #188-D: enumerated type mixed with another type
              Vbleft = 1;
stm32f3\stm32f37x_it.c(553): warning:  #188-D: enumerated type mixed with another type
              Vbright = 0;
stm32f3\stm32f37x_it.c(567): warning:  #188-D: enumerated type mixed with another type
           Vbstarttoreceive = 1;
stm32f3\stm32f37x_it.c(603): warning:  #177-D: variable "retry" was declared but never referenced
       u8 retry=0;    
stm32f3\stm32f37x_it.c(669): warning:  #188-D: enumerated type mixed with another type
               GPIO_WriteBit(GPIOF,GPIO_Pin_9,1);
stm32f3\stm32f37x_it.c(673): warning:  #188-D: enumerated type mixed with another type
              GPIO_WriteBit(GPIOC,GPIO_Pin_6,0);
stm32f3\stm32f37x_it.c: 18 warnings, 0 errors
linking...
Program Size: Code=19780 RO-data=1100 RW-data=600 ZI-data=6448  
FromELF: creating hex file...
".\Objects\Show_demo.axf" - 0 Error(s), 18 Warning(s).

<h2>Collection of Component include folders:</h2>
  E:\mazong\20190722\Voltage_0722\RTE
  C:\Keil_v5\ARM\PACK\Keil\STM32F3xx_DFP\2.1.0

<h2>Collection of Component Files used:</h2>
</pre>
</body>
</html>
