Component: ARM Compiler 5.05 update 1 (build 106) Tool: armlink [4d0efa]

==============================================================================

Section Cross References

    sd.o(i.SD_GetCIDRegister) refers to stm32f37x_gpio.o(i.GPIO_ResetBits) for GPIO_ResetBits
    sd.o(i.SD_GetCIDRegister) refers to sd.o(i.SD_SendCmd) for SD_SendCmd
    sd.o(i.SD_GetCIDRegister) refers to sd.o(i.SD_GetResponse) for SD_GetResponse
    sd.o(i.SD_GetCIDRegister) refers to sd.o(i.SD_ReadByte) for SD_ReadByte
    sd.o(i.SD_GetCIDRegister) refers to sd.o(i.SD_WriteByte) for SD_WriteByte
    sd.o(i.SD_GetCIDRegister) refers to stm32f37x_gpio.o(i.GPIO_SetBits) for GPIO_SetBits
    sd.o(i.SD_GetCSDRegister) refers to stm32f37x_gpio.o(i.GPIO_ResetBits) for GPIO_ResetBits
    sd.o(i.SD_GetCSDRegister) refers to sd.o(i.SD_SendCmd) for SD_SendCmd
    sd.o(i.SD_GetCSDRegister) refers to sd.o(i.SD_GetResponse) for SD_GetResponse
    sd.o(i.SD_GetCSDRegister) refers to sd.o(i.SD_ReadByte) for SD_ReadByte
    sd.o(i.SD_GetCSDRegister) refers to sd.o(i.SD_WriteByte) for SD_WriteByte
    sd.o(i.SD_GetCSDRegister) refers to stm32f37x_gpio.o(i.GPIO_SetBits) for GPIO_SetBits
    sd.o(i.SD_GetCardInfo) refers to sd.o(i.SD_GetCSDRegister) for SD_GetCSDRegister
    sd.o(i.SD_GetCardInfo) refers to sd.o(i.SD_GetCIDRegister) for SD_GetCIDRegister
    sd.o(i.SD_GetDataResponse) refers to sd.o(i.SD_ReadByte) for SD_ReadByte
    sd.o(i.SD_GetResponse) refers to sd.o(i.SD_ReadByte) for SD_ReadByte
    sd.o(i.SD_GetStatus) refers to stm32f37x_gpio.o(i.GPIO_ResetBits) for GPIO_ResetBits
    sd.o(i.SD_GetStatus) refers to sd.o(i.SD_SendCmd) for SD_SendCmd
    sd.o(i.SD_GetStatus) refers to sd.o(i.SD_ReadByte) for SD_ReadByte
    sd.o(i.SD_GetStatus) refers to stm32f37x_gpio.o(i.GPIO_SetBits) for GPIO_SetBits
    sd.o(i.SD_GetStatus) refers to sd.o(i.SD_WriteByte) for SD_WriteByte
    sd.o(i.SD_GoIdleState) refers to stm32f37x_gpio.o(i.GPIO_ResetBits) for GPIO_ResetBits
    sd.o(i.SD_GoIdleState) refers to sd.o(i.SD_SendCmd) for SD_SendCmd
    sd.o(i.SD_GoIdleState) refers to sd.o(i.SD_GetResponse) for SD_GetResponse
    sd.o(i.SD_GoIdleState) refers to stm32f37x_gpio.o(i.GPIO_SetBits) for GPIO_SetBits
    sd.o(i.SD_GoIdleState) refers to sd.o(i.SD_WriteByte) for SD_WriteByte
    sd.o(i.SD_Init) refers to sd.o(i.SD_SPI_Init) for SD_SPI_Init
    sd.o(i.SD_Init) refers to stm32f37x_gpio.o(i.GPIO_SetBits) for GPIO_SetBits
    sd.o(i.SD_Init) refers to sd.o(i.SD_WriteByte) for SD_WriteByte
    sd.o(i.SD_Init) refers to sd.o(i.SD_GoIdleState) for SD_GoIdleState
    sd.o(i.SD_ReadBlock) refers to stm32f37x_gpio.o(i.GPIO_ResetBits) for GPIO_ResetBits
    sd.o(i.SD_ReadBlock) refers to sd.o(i.SD_SendCmd) for SD_SendCmd
    sd.o(i.SD_ReadBlock) refers to sd.o(i.SD_GetResponse) for SD_GetResponse
    sd.o(i.SD_ReadBlock) refers to sd.o(i.SD_ReadByte) for SD_ReadByte
    sd.o(i.SD_ReadBlock) refers to stm32f37x_gpio.o(i.GPIO_SetBits) for GPIO_SetBits
    sd.o(i.SD_ReadBlock) refers to sd.o(i.SD_WriteByte) for SD_WriteByte
    sd.o(i.SD_ReadByte) refers to stm32f37x_spi.o(i.SPI_I2S_GetFlagStatus) for SPI_I2S_GetFlagStatus
    sd.o(i.SD_ReadByte) refers to stm32f37x_spi.o(i.SPI_SendData8) for SPI_SendData8
    sd.o(i.SD_ReadByte) refers to stm32f37x_spi.o(i.SPI_ReceiveData8) for SPI_ReceiveData8
    sd.o(i.SD_ReadMultiBlocks) refers to stm32f37x_gpio.o(i.GPIO_ResetBits) for GPIO_ResetBits
    sd.o(i.SD_ReadMultiBlocks) refers to sd.o(i.SD_SendCmd) for SD_SendCmd
    sd.o(i.SD_ReadMultiBlocks) refers to sd.o(i.SD_GetResponse) for SD_GetResponse
    sd.o(i.SD_ReadMultiBlocks) refers to sd.o(i.SD_ReadByte) for SD_ReadByte
    sd.o(i.SD_ReadMultiBlocks) refers to stm32f37x_gpio.o(i.GPIO_SetBits) for GPIO_SetBits
    sd.o(i.SD_ReadMultiBlocks) refers to sd.o(i.SD_WriteByte) for SD_WriteByte
    sd.o(i.SD_SPI_Init) refers to stm32f37x_rcc.o(i.RCC_AHBPeriphClockCmd) for RCC_AHBPeriphClockCmd
    sd.o(i.SD_SPI_Init) refers to stm32f37x_rcc.o(i.RCC_APB1PeriphClockCmd) for RCC_APB1PeriphClockCmd
    sd.o(i.SD_SPI_Init) refers to stm32f37x_gpio.o(i.GPIO_Init) for GPIO_Init
    sd.o(i.SD_SPI_Init) refers to stm32f37x_gpio.o(i.GPIO_PinAFConfig) for GPIO_PinAFConfig
    sd.o(i.SD_SPI_Init) refers to stm32f37x_spi.o(i.SPI_Init) for SPI_Init
    sd.o(i.SD_SPI_Init) refers to stm32f37x_spi.o(i.SPI_RxFIFOThresholdConfig) for SPI_RxFIFOThresholdConfig
    sd.o(i.SD_SPI_Init) refers to stm32f37x_spi.o(i.SPI_Cmd) for SPI_Cmd
    sd.o(i.SD_SendCmd) refers to sd.o(i.SD_WriteByte) for SD_WriteByte
    sd.o(i.SD_WriteBlock) refers to stm32f37x_gpio.o(i.GPIO_ResetBits) for GPIO_ResetBits
    sd.o(i.SD_WriteBlock) refers to sd.o(i.SD_SendCmd) for SD_SendCmd
    sd.o(i.SD_WriteBlock) refers to sd.o(i.SD_GetResponse) for SD_GetResponse
    sd.o(i.SD_WriteBlock) refers to sd.o(i.SD_WriteByte) for SD_WriteByte
    sd.o(i.SD_WriteBlock) refers to sd.o(i.SD_ReadByte) for SD_ReadByte
    sd.o(i.SD_WriteBlock) refers to sd.o(i.SD_GetDataResponse) for SD_GetDataResponse
[...]
    MTA_ptr                                  0x20000224   Data           8  ccp2mem.o(.data)
    .data                                    0x2000022c   Section        5  ccp2session_nvm.o(.data)
    .data                                    0x20000234   Section       34  can.o(.data)
    .bss                                     0x20000258   Section      636  stm32f37x_it.o(.bss)
    .bss                                     0x200004d4   Section     3690  main.o(.bss)
    .bss                                     0x2000133e   Section      120  ccp2conf.o(.bss)
    CCP_EIS                                  0x2000133e   Data          36  ccp2conf.o(.bss)
    daq0_data_buffer                         0x20001362   Data          14  ccp2conf.o(.bss)
    daq1_data_buffer                         0x20001370   Data          14  ccp2conf.o(.bss)
    daq2_data_buffer                         0x2000137e   Data          28  ccp2conf.o(.bss)
    daq3_data_buffer                         0x2000139a   Data          28  ccp2conf.o(.bss)
    .bss                                     0x200013b8   Section       80  ccp2daq.o(.bss)
    .bss                                     0x20001408   Section       44  ccp2main.o(.bss)
    .bss                                     0x20001434   Section      240  ccp2nvmd.o(.bss)
    .bss                                     0x20001524   Section       96  libspace.o(.bss)
    HEAP                                     0x20001588   Section      512  startup_stm32f37x.o(HEAP)
    Heap_Mem                                 0x20001588   Data         512  startup_stm32f37x.o(HEAP)
    STACK                                    0x20001788   Section     1024  startup_stm32f37x.o(STACK)
    Stack_Mem                                0x20001788   Data        1024  startup_stm32f37x.o(STACK)
    __initial_sp                             0x20001b88   Data           0  startup_stm32f37x.o(STACK)

    Global Symbols

    Symbol Name                              Value     Ov Type        Size  Object(Section)

    BuildAttributes$$THM_ISAv4$E$P$D$K$B$S$7EM$VFPi3$EXTD16$VFPS$VFMA$PE$A:L22UL41UL21$X:L11$S22US41US21$IEEE1$IW$USESV6$~STKCKD$USESV7$~SHL$OSPACE$ROPI$EBA8$UX$STANDARDLIB$REQ8$PRES8$EABIv2 0x00000000   Number         0  anon$$obj.o ABSOLUTE
    __ARM_use_no_argv                        0x00000000   Number         0  main.o ABSOLUTE
    __ARM_exceptions_init                     - Undefined Weak Reference
    __alloca_initialize                       - Undefined Weak Reference
    __arm_preinit_                            - Undefined Weak Reference
    __cpp_initialize__aeabi_                  - Undefined Weak Reference
    __cxa_finalize                            - Undefined Weak Reference
    __rt_locale                               - Undefined Weak Reference
    __sigvec_lookup                           - Undefined Weak Reference
    _atexit_init                              - Undefined Weak Reference
    _call_atexit_fns                          - Undefined Weak Reference
    _clock_init                               - Undefined Weak Reference
    _fp_trap_init                             - Undefined Weak Reference
    _fp_trap_shutdown                         - Undefined Weak Reference
    _get_lc_collate                           - Undefined Weak Reference
    _get_lc_ctype                             - Undefined Weak Reference
    _get_lc_monetary                          - Undefined Weak Reference
    _get_lc_numeric                           - Undefined Weak Reference
    _get_lc_time                              - Undefined Weak Reference
    _getenv_init                              - Undefined Weak Reference
    _handle_redirection                       - Undefined Weak Reference
    _init_alloc                               - Undefined Weak Reference
    _init_user_alloc                          - Undefined Weak Reference
    _initio                                   - Undefined Weak Reference
    _rand_init                                - Undefined Weak Reference
    _signal_finish                            - Undefined Weak Reference
    _signal_init                              - Undefined Weak Reference
    _terminate_alloc                          - Undefined Weak Reference
    _terminate_user_alloc                     - Undefined Weak Reference
    _terminateio                              - Undefined Weak Reference
    __Vectors_Size                           0x00000188   Number         0  startup_stm32f37x.o ABSOLUTE
    __Vectors                                0x08000000   Data           4  startup_stm32f37x.o(RESET)
    __Vectors_End                            0x08000188   Data           0  startup_stm32f37x.o(RESET)
    __main                                   0x08000189   Thumb Code     8  __main.o(!!!main)
    __scatterload                            0x08000191   Thumb Code     0  __scatter.o(!!!scatter)
    __scatterload_rt2                        0x08000191   Thumb Code    44  __scatter.o(!!!scatter)
    __scatterload_rt2_thumb_only             0x08000191   Thumb Code     0  __scatter.o(!!!scatter)
    __scatterload_null                       0x0800019f   Thumb Code     0  __scatter.o(!!!scatter)
    __decompress                             0x080001c5   Thumb Code    90  __dczerorl2.o(!!dczerorl2)
    __decompress1                            0x080001c5   Thumb Code     0  __dczerorl2.o(!!dczerorl2)
    __scatterload_zeroinit                   0x08000221   Thumb Code    28  __scatter_zi.o(!!handler_zi)
    __rt_lib_init                            0x0800023d   Thumb Code     0  libinit.o(.ARM.Collect$$libinit$$00000000)
    __rt_lib_init_fp_1                       0x0800023f   Thumb Code     0  libinit2.o(.ARM.Collect$$libinit$$00000001)
    __rt_lib_init_alloca_1                   0x08000243   Thumb Code     0  libinit2.o(.ARM.Collect$$libinit$$0000002E)
    __rt_lib_init_argv_1                     0x08000243   Thumb Code     0  libinit2.o(.ARM.Collect$$libinit$$0000002C)
    __rt_lib_init_atexit_1                   0x08000243   Thumb Code     0  libinit2.o(.ARM.Collect$$libinit$$0000001B)
    __rt_lib_init_clock_1                    0x08000243   Thumb Code     0  libinit2.o(.ARM.Collect$$libinit$$00000021)
    __rt_lib_init_cpp_1                      0x08000243   Thumb Code     0  libinit2.o(.ARM.Collect$$libinit$$00000032)
    __rt_lib_init_exceptions_1               0x08000243   Thumb Code     0  libinit2.o(.ARM.Collect$$libinit$$00000030)
    __rt_lib_init_fp_trap_1                  0x08000243   Thumb Code     0  libinit2.o(.ARM.Collect$$libinit$$0000001F)
    __rt_lib_init_getenv_1                   0x08000243   Thumb Code     0  libinit2.o(.ARM.Collect$$libinit$$00000023)
    __rt_lib_init_heap_1                     0x08000243   Thumb Code     0  libinit2.o(.ARM.Collect$$libinit$$0000000A)
    __rt_lib_init_lc_collate_1               0x08000243   Thumb Code     0  libinit2.o(.ARM.Collect$$libinit$$00000011)
    __rt_lib_init_lc_ctype_1                 0x08000243   Thumb Code     0  libinit2.o(.ARM.Collect$$libinit$$00000013)
    __rt_lib_init_lc_monetary_1              0x08000243   Thumb Code     0  libinit2.o(.ARM.Collect$$libinit$$00000015)
    __rt_lib_init_lc_numeric_1               0x08000243   Thumb Code     0  libinit2.o(.ARM.Collect$$libinit$$00000017)
    __rt_lib_init_lc_time_1                  0x08000243   Thumb Code     0  libinit2.o(.ARM.Collect$$libinit$$00000019)
    __rt_lib_init_preinit_1                  0x08000243   Thumb Code     0  libinit2.o(.ARM.Collect$$libinit$$00000004)
    __rt_lib_init_rand_1                     0x08000243   Thumb Code     0  libinit2.o(.ARM.Collect$$libinit$$0000000E)
    __rt_lib_init_return                     0x08000243   Thumb Code     0  libinit2.o(.ARM.Collect$$libinit$$00000033)
    __rt_lib_init_signal_1                   0x08000243   Thumb Code     0  libinit2.o(.ARM.Collect$$libinit$$0000001D)
    __rt_lib_init_stdio_1                    0x08000243   Thumb Code     0  libinit2.o(.ARM.Collect$$libinit$$00000025)
    __rt_lib_init_user_alloc_1               0x08000243   Thumb Code     0  libinit2.o(.ARM.Collect$$libinit$$0000000C)
    __rt_lib_shutdown                        0x08000245   Thumb Code     0  libshutdown.o(.ARM.Collect$$libshutdown$$00000000)
    __rt_lib_shutdown_fp_trap_1              0x08000247   Thumb Code     0  libshutdown2.o(.ARM.Collect$$libshutdown$$00000006)
    __rt_lib_shutdown_heap_1                 0x08000247   Thumb Code     0  libshutdown2.o(.ARM.Collect$$libshutdown$$0000000E)
    __rt_lib_shutdown_return                 0x08000247   Thumb Code     0  libshutdown2.o(.ARM.Collect$$libshutdown$$0000000F)
    __rt_lib_shutdown_signal_1               0x08000247   Thumb Code     0  libshutdown2.o(.ARM.Collect$$libshutdown$$00000009)
    __rt_lib_shutdown_stdio_1                0x08000247   Thumb Code     0  libshutdown2.o(.ARM.Collect$$libshutdown$$00000003)
    __rt_lib_shutdown_user_alloc_1           0x08000247   Thumb Code     0  libshutdown2.o(.ARM.Collect$$libshutdown$$0000000B)
    __rt_entry                               0x08000249   Thumb Code     0  __rtentry.o(.ARM.Collect$$rtentry$$00000000)
    __rt_entry_presh_1                       0x08000249   Thumb Code     0  __rtentry2.o(.ARM.Collect$$rtentry$$00000002)
    __rt_entry_sh                            0x08000249   Thumb Code     0  __rtentry4.o(.ARM.Collect$$rtentry$$00000004)
    __rt_entry_li                            0x0800024f   Thumb Code     0  __rtentry2.o(.ARM.Collect$$rtentry$$0000000A)
    __rt_entry_postsh_1                      0x0800024f   Thumb Code     0  __rtentry2.o(.ARM.Collect$$rtentry$$00000009)
    __rt_entry_main                          0x08000253   Thumb Code     0  __rtentry2.o(.ARM.Collect$$rtentry$$0000000D)
    __rt_entry_postli_1                      0x08000253   Thumb Code     0  __rtentry2.o(.ARM.Collect$$rtentry$$0000000C)
    __rt_exit                                0x0800025b   Thumb Code     0  rtexit.o(.ARM.Collect$$rtexit$$00000000)
    __rt_exit_ls                             0x0800025d   Thumb Code     0  rtexit2.o(.ARM.Collect$$rtexit$$00000003)
    __rt_exit_prels_1                        0x0800025d   Thumb Code     0  rtexit2.o(.ARM.Collect$$rtexit$$00000002)
    __rt_exit_exit                           0x08000261   Thumb Code     0  rtexit2.o(.ARM.Collect$$rtexit$$00000004)
    Reset_Handler                            0x08000269   Thumb Code     8  startup_stm32f37x.o(.text)
    ADC1_IRQHandler                          0x08000283   Thumb Code     0  startup_stm32f37x.o(.text)
    CAN1_RX1_IRQHandler                      0x08000283   Thumb Code     0  startup_stm32f37x.o(.text)
    CAN1_SCE_IRQHandler                      0x08000283   Thumb Code     0  startup_stm32f37x.o(.text)
    CAN1_TX_IRQHandler                       0x08000283   Thumb Code     0  startup_stm32f37x.o(.text)
    CEC_IRQHandler                           0x08000283   Thumb Code     0  startup_stm32f37x.o(.text)
    COMP_IRQHandler                          0x08000283   Thumb Code     0  startup_stm32f37x.o(.text)
    DMA1_Channel1_IRQHandler                 0x08000283   Thumb Code     0  startup_stm32f37x.o(.text)
    DMA1_Channel2_IRQHandler                 0x08000283   Thumb Code     0  startup_stm32f37x.o(.text)
    DMA1_Channel3_IRQHandler                 0x08000283   Thumb Code     0  startup_stm32f37x.o(.text)
    DMA1_Channel4_IRQHandler                 0x08000283   Thumb Code     0  startup_stm32f37x.o(.text)
    DMA1_Channel5_IRQHandler                 0x08000283   Thumb Code     0  startup_stm32f37x.o(.text)
    DMA1_Channel6_IRQHandler                 0x08000283   Thumb Code     0  startup_stm32f37x.o(.text)
    DMA1_Channel7_IRQHandler                 0x08000283   Thumb Code     0  startup_stm32f37x.o(.text)
    DMA2_Channel4_IRQHandler                 0x08000283   Thumb Code     0  startup_stm32f37x.o(.text)
    DMA2_Channel5_IRQHandler                 0x08000283   Thumb Code     0  startup_stm32f37x.o(.text)
    EXTI0_IRQHandler                         0x08000283   Thumb Code     0  startup_stm32f37x.o(.text)
    EXTI1_IRQHandler                         0x08000283   Thumb Code     0  startup_stm32f37x.o(.text)
    EXTI2_TS_IRQHandler                      0x08000283   Thumb Code     0  startup_stm32f37x.o(.text)
    EXTI3_IRQHandler                         0x08000283   Thumb Code     0  startup_stm32f37x.o(.text)
    FLASH_IRQHandler                         0x08000283   Thumb Code     0  startup_stm32f37x.o(.text)
    FPU_IRQHandler                           0x08000283   Thumb Code     0  startup_stm32f37x.o(.text)
    I2C1_ER_IRQHandler                       0x08000283   Thumb Code     0  startup_stm32f37x.o(.text)
    I2C1_EV_IRQHandler                       0x08000283   Thumb Code     0  startup_stm32f37x.o(.text)
    I2C2_ER_IRQHandler                       0x08000283   Thumb Code     0  startup_stm32f37x.o(.text)
    I2C2_EV_IRQHandler                       0x08000283   Thumb Code     0  startup_stm32f37x.o(.text)
    PVD_IRQHandler                           0x08000283   Thumb Code     0  startup_stm32f37x.o(.text)
    RCC_IRQHandler                           0x08000283   Thumb Code     0  startup_stm32f37x.o(.text)
    RTC_Alarm_IRQHandler                     0x08000283   Thumb Code     0  startup_stm32f37x.o(.text)
    RTC_WKUP_IRQHandler                      0x08000283   Thumb Code     0  startup_stm32f37x.o(.text)
    TAMPER_STAMP_IRQHandler                  0x08000283   Thumb Code     0  startup_stm32f37x.o(.text)
    TIM13_IRQHandler                         0x08000283   Thumb Code     0  startup_stm32f37x.o(.text)
    TIM14_IRQHandler                         0x08000283   Thumb Code     0  startup_stm32f37x.o(.text)
    TIM15_IRQHandler                         0x08000283   Thumb Code     0  startup_stm32f37x.o(.text)
    TIM16_IRQHandler                         0x08000283   Thumb Code     0  startup_stm32f37x.o(.text)
    TIM17_IRQHandler                         0x08000283   Thumb Code     0  startup_stm32f37x.o(.text)
    TIM18_DAC2_IRQHandler                    0x08000283   Thumb Code     0  startup_stm32f37x.o(.text)
    TIM4_IRQHandler                          0x08000283   Thumb Code     0  startup_stm32f37x.o(.text)
    TIM6_DAC1_IRQHandler                     0x08000283   Thumb Code     0  startup_stm32f37x.o(.text)
    TIM7_IRQHandler                          0x08000283   Thumb Code     0  startup_stm32f37x.o(.text)
    USART1_IRQHandler                        0x08000283   Thumb Code     0  startup_stm32f37x.o(.text)
    USART2_IRQHandler                        0x08000283   Thumb Code     0  startup_stm32f37x.o(.text)
    USBWakeUp_IRQHandler                     0x08000283   Thumb Code     0  startup_stm32f37x.o(.text)
    USB_HP_IRQHandler                        0x08000283   Thumb Code     0  startup_stm32f37x.o(.text)
    USB_LP_IRQHandler                        0x08000283   Thumb Code     0  startup_stm32f37x.o(.text)
    WWDG_IRQHandler                          0x08000283   Thumb Code     0  startup_stm32f37x.o(.text)
    __user_initial_stackheap                 0x08000285   Thumb Code     0  startup_stm32f37x.o(.text)
    __use_two_region_memory                  0x080002a9   Thumb Code     2  heapauxi.o(.text)
    __rt_heap_escrow$2region                 0x080002ab   Thumb Code     2  heapauxi.o(.text)
    __rt_heap_expand$2region                 0x080002ad   Thumb Code     2  heapauxi.o(.text)
    __user_setup_stackheap                   0x080002af   Thumb Code    74  sys_stackheap_outer.o(.text)
    exit                                     0x080002f9   Thumb Code    12  exit.o(.text)
    __user_libspace                          0x08000305   Thumb Code     8  libspace.o(.text)
    __user_perproc_libspace                  0x08000305   Thumb Code     0  libspace.o(.text)
    __user_perthread_libspace                0x08000305   Thumb Code     0  libspace.o(.text)
    _sys_exit                                0x0800030d   Thumb Code     8  sys_exit.o(.text)
    __I$use$semihosting                      0x08000319   Thumb Code     0  use_no_semi.o(.text)
    __use_no_semihosting_swi                 0x08000319   Thumb Code     2  use_no_semi.o(.text)
    __semihosting_library_function           0x0800031b   Thumb Code     0  indicate_semi.o(.text)
    ADC1_Init                                0x0800031d   Thumb Code   484  main.o(i.ADC1_Init)
    ADC_Cmd                                  0x08000515   Thumb Code    22  stm32f37x_adc.o(i.ADC_Cmd)
    ADC_DMACmd                               0x0800052b   Thumb Code    22  stm32f37x_adc.o(i.ADC_DMACmd)
    ADC_DeInit                               0x08000541   Thumb Code    24  stm32f37x_adc.o(i.ADC_DeInit)
    ADC_GetCalibrationStatus                 0x08000559   Thumb Code    20  stm32f37x_adc.o(i.ADC_GetCalibrationStatus)
    ADC_GetResetCalibrationStatus            0x0800056d   Thumb Code    20  stm32f37x_adc.o(i.ADC_GetResetCalibrationStatus)
    ADC_Init                                 0x08000581   Thumb Code    70  stm32f37x_adc.o(i.ADC_Init)
    ADC_RegularChannelConfig                 0x080005cd   Thumb Code   184  stm32f37x_adc.o(i.ADC_RegularChannelConfig)
    ADC_ResetCalibration                     0x08000685   Thumb Code    10  stm32f37x_adc.o(i.ADC_ResetCalibration)
    ADC_SoftwareStartConv                    0x0800068f   Thumb Code    10  stm32f37x_adc.o(i.ADC_SoftwareStartConv)
    ADC_StartCalibration                     0x08000699   Thumb Code    10  stm32f37x_adc.o(i.ADC_StartCalibration)
    ADC_StructInit                           0x080006a3   Thumb Code    16  stm32f37x_adc.o(i.ADC_StructInit)
    BusFault_Handler                         0x080006b3   Thumb Code     4  stm32f37x_it.o(i.BusFault_Handler)
    CAN1_RX0_IRQHandler                      0x080006b9   Thumb Code    38  stm32f37x_it.o(i.CAN1_RX0_IRQHandler)
    CAN1_Receive_Msg                         0x080006f1   Thumb Code   320  can.o(i.CAN1_Receive_Msg)
    CAN1_Send_Msg                            0x08000855   Thumb Code   182  can.o(i.CAN1_Send_Msg)
    CAN_Config                               0x0800091d   Thumb Code   246  can.o(i.CAN_Config)
    CAN_DeInit                               0x08000a1d   Thumb Code    30  stm32f37x_can.o(i.CAN_DeInit)
    CAN_FilterInit                           0x08000a41   Thumb Code   258  stm32f37x_can.o(i.CAN_FilterInit)
    CAN_ITConfig                             0x08000b49   Thumb Code    18  stm32f37x_can.o(i.CAN_ITConfig)
    CAN_Init                                 0x08000b5b   Thumb Code   276  stm32f37x_can.o(i.CAN_Init)
    CAN_MessagePending                       0x08000c6f   Thumb Code    30  stm32f37x_can.o(i.CAN_MessagePending)
    CAN_Receive                              0x08000c8d   Thumb Code   240  stm32f37x_can.o(i.CAN_Receive)
    CAN_StructInit                           0x08000d7d   Thumb Code    32  stm32f37x_can.o(i.CAN_StructInit)
    CAN_Transmit                             0x08000d9d   Thumb Code   294  stm32f37x_can.o(i.CAN_Transmit)
    CAN_TransmitStatus                       0x08000ec5   Thumb Code   138  stm32f37x_can.o(i.CAN_TransmitStatus)
    CCP_Build_Chksum                         0x08000f65   Thumb Code    68  ccp2mem.o(i.CCP_Build_Chksum)
    CCP_Clear_Memory                         0x08000fb1   Thumb Code   142  ccp2mem.o(i.CCP_Clear_Memory)
    CCP_Command_Unavailable                  0x08001061   Thumb Code     4  ccp2conf.o(i.CCP_Command_Unavailable)
    CCP_Connect                              0x08001065   Thumb Code   114  ccp2mode.o(i.CCP_Connect)
    CCP_Disconnect                           0x080010dd   Thumb Code   140  ccp2mode.o(i.CCP_Disconnect)
    CCP_Dnload                               0x0800116d   Thumb Code    14  ccp2mem.o(i.CCP_Dnload)
    CCP_Dnload_6                             0x08001181   Thumb Code    12  ccp2mem.o(i.CCP_Dnload_6)
    CCP_Exchange_ID                          0x0800118d   Thumb Code    28  ccp2conf.o(i.CCP_Exchange_ID)
    CCP_Get_Active_Cal_Page                  0x080011b1   Thumb Code    10  ccp2conf.o(i.CCP_Get_Active_Cal_Page)
    CCP_Get_CCP_Version                      0x080011c1   Thumb Code    14  ccp2mode.o(i.CCP_Get_CCP_Version)
    CCP_Get_DAQ_Size                         0x080011d5   Thumb Code   158  ccp2daq.o(i.CCP_Get_DAQ_Size)
    CCP_Get_S_Status                         0x08001281   Thumb Code    16  ccp2mode.o(i.CCP_Get_S_Status)
    CCP_Get_Seed                             0x08001295   Thumb Code    10  ccp2mode.o(i.CCP_Get_Seed)
    CCP_Initialize                           0x080012a5   Thumb Code    28  ccp2main.o(i.CCP_Initialize)
    CCP_Initialize_Resume_Data               0x080012c5   Thumb Code    20  ccp2daq.o(i.CCP_Initialize_Resume_Data)
    CCP_Initialize_User                      0x080012dd   Thumb Code    44  ccp2conf.o(i.CCP_Initialize_User)
    CCP_Location_Of_Address_User             0x08001315   Thumb Code    86  ccp2conf.o(i.CCP_Location_Of_Address_User)
    CCP_Move                                 0x0800137d   Thumb Code    78  ccp2mem.o(i.CCP_Move)
    CCP_Program                              0x080013d5   Thumb Code    14  ccp2mem.o(i.CCP_Program)
    CCP_Program_6                            0x080013e9   Thumb Code    12  ccp2mem.o(i.CCP_Program_6)
    CCP_Read_From_REGISTER_Memory_User       0x080013f5   Thumb Code     6  ccp2conf.o(i.CCP_Read_From_REGISTER_Memory_User)
    CCP_Read_Session_Status_User             0x080014b9   Thumb Code     6  ccp2conf.o(i.CCP_Read_Session_Status_User)
    CCP_Select_Cal_Page                      0x080014c5   Thumb Code     6  ccp2conf.o(i.CCP_Select_Cal_Page)
    CCP_Set_DAQ_Ptr                          0x080014cd   Thumb Code    34  ccp2daq.o(i.CCP_Set_DAQ_Ptr)
    CCP_Set_MTA                              0x080014f5   Thumb Code    14  ccp2mem.o(i.CCP_Set_MTA)
    CCP_Set_S_Status                         0x08001509   Thumb Code   112  ccp2mode.o(i.CCP_Set_S_Status)
    CCP_Set_S_Status_User                    0x0800157d   Thumb Code    68  ccp2conf.o(i.CCP_Set_S_Status_User)
    CCP_Short_Up                             0x080015cd   Thumb Code    60  ccp2mem.o(i.CCP_Short_Up)
    CCP_Start_Stop                           0x0800160d   Thumb Code   208  ccp2daq.o(i.CCP_Start_Stop)
    CCP_Start_Stop_All                       0x080016e9   Thumb Code    82  ccp2daq.o(i.CCP_Start_Stop_All)
    CCP_Store_Resume_Data                    0x08001745   Thumb Code   160  ccp2daq.o(i.CCP_Store_Resume_Data)
    CCP_Unlock                               0x080017f1   Thumb Code    10  ccp2mode.o(i.CCP_Unlock)
    CCP_Upload                               0x08001801   Thumb Code    64  ccp2mem.o(i.CCP_Upload)
    CCP_Write_DAQ                            0x08001849   Thumb Code   140  ccp2daq.o(i.CCP_Write_DAQ)
    CCP_Write_To_REGISTER_Memory_User        0x080018dd   Thumb Code     6  ccp2conf.o(i.CCP_Write_To_REGISTER_Memory_User)
    DMA2_Channel1_IRQHandler                 0x08001961   Thumb Code    26  stm32f37x_it.o(i.DMA2_Channel1_IRQHandler)
    DMA2_Channel2_IRQHandler                 0x08001985   Thumb Code    26  stm32f37x_it.o(i.DMA2_Channel2_IRQHandler)
    DMA2_Channel3_IRQHandler                 0x080019a9   Thumb Code    26  stm32f37x_it.o(i.DMA2_Channel3_IRQHandler)
    DMA_Cmd                                  0x080019cd   Thumb Code    24  stm32f37x_dma.o(i.DMA_Cmd)
    DMA_DeInit                               0x080019e5   Thumb Code   324  stm32f37x_dma.o(i.DMA_DeInit)
    DMA_Init                                 0x08001b31   Thumb Code    60  stm32f37x_dma.o(i.DMA_Init)
    DebugMon_Handler                         0x08001b6d   Thumb Code     2  stm32f37x_it.o(i.DebugMon_Handler)
    Delay_ms                                 0x08001b71   Thumb Code    20  systick.o(i.Delay_ms)
    EXTI15_10_IRQHandler                     0x08001bd1   Thumb Code    98  stm32f37x_it.o(i.EXTI15_10_IRQHandler)
    EXTI4_IRQHandler                         0x08001c41   Thumb Code    94  stm32f37x_it.o(i.EXTI4_IRQHandler)
    EXTI9_5_IRQHandler                       0x08001cb1   Thumb Code    18  stm32f37x_it.o(i.EXTI9_5_IRQHandler)
    EXTI_ClearITPendingBit                   0x08001cc5   Thumb Code     6  stm32f37x_exti.o(i.EXTI_ClearITPendingBit)
    EXTI_GetITStatus                         0x08001cd1   Thumb Code    34  stm32f37x_exti.o(i.EXTI_GetITStatus)
    FLASH_ErasePage                          0x08001cfd   Thumb Code    70  stm32f37x_flash.o(i.FLASH_ErasePage)
    FLASH_GetStatus                          0x08001d49   Thumb Code    48  stm32f37x_flash.o(i.FLASH_GetStatus)
    FLASH_Lock                               0x08001d7d   Thumb Code    14  stm32f37x_flash.o(i.FLASH_Lock)
    FLASH_ProgramHalfWord                    0x08001d91   Thumb Code    62  stm32f37x_flash.o(i.FLASH_ProgramHalfWord)
    FLASH_Unlock                             0x08001dd5   Thumb Code    22  stm32f37x_flash.o(i.FLASH_Unlock)
    FLASH_WaitForLastOperation               0x08001df9   Thumb Code    38  stm32f37x_flash.o(i.FLASH_WaitForLastOperation)
    GPIO_Init                                0x08001e1f   Thumb Code   144  stm32f37x_gpio.o(i.GPIO_Init)
    GPIO_PinAFConfig                         0x08001eaf   Thumb Code    70  stm32f37x_gpio.o(i.GPIO_PinAFConfig)
    GPIO_ReadInputDataBit                    0x08001ef5   Thumb Code    18  stm32f37x_gpio.o(i.GPIO_ReadInputDataBit)
    GPIO_ReadOutputDataBit                   0x08001f07   Thumb Code    18  stm32f37x_gpio.o(i.GPIO_ReadOutputDataBit)
    GPIO_SetBits                             0x08001f19   Thumb Code     4  stm32f37x_gpio.o(i.GPIO_SetBits)
    GPIO_WriteBit                            0x08001f1d   Thumb Code    10  stm32f37x_gpio.o(i.GPIO_WriteBit)
    HardFault_Handler                        0x08001f27   Thumb Code     4  stm32f37x_it.o(i.HardFault_Handler)
    IO_Configuration_base                    0x08001f2d   Thumb Code   108  main.o(i.IO_Configuration_base)
    Initialize_DAQ_Parameters                0x08001fc9   Thumb Code    26  ccp2daq.o(i.Initialize_DAQ_Parameters)
    MemManage_Handler                        0x08001fe3   Thumb Code     4  stm32f37x_it.o(i.MemManage_Handler)
    Move_MTA                                 0x080020e1   Thumb Code    40  ccp2mem.o(i.Move_MTA)
    NMI_Handler                              0x0800210d   Thumb Code     2  stm32f37x_it.o(i.NMI_Handler)
    NVIC_Init                                0x08002111   Thumb Code   100  stm32f37x_misc.o(i.NVIC_Init)
    PWR_SDADCAnalogCmd                       0x080021ed   Thumb Code    26  stm32f37x_pwr.o(i.PWR_SDADCAnalogCmd)
    PendSV_Handler                           0x0800220d   Thumb Code     2  stm32f37x_it.o(i.PendSV_Handler)
    RCC_ADCCLKConfig                         0x08002281   Thumb Code    22  stm32f37x_rcc.o(i.RCC_ADCCLKConfig)
    RCC_AHBPeriphClockCmd                    0x0800229d   Thumb Code    26  stm32f37x_rcc.o(i.RCC_AHBPeriphClockCmd)
    RCC_APB1PeriphClockCmd                   0x080022bd   Thumb Code    26  stm32f37x_rcc.o(i.RCC_APB1PeriphClockCmd)
    RCC_APB1PeriphResetCmd                   0x080022dd   Thumb Code    26  stm32f37x_rcc.o(i.RCC_APB1PeriphResetCmd)
    RCC_APB2PeriphClockCmd                   0x080022fd   Thumb Code    26  stm32f37x_rcc.o(i.RCC_APB2PeriphClockCmd)
    RCC_APB2PeriphResetCmd                   0x0800231d   Thumb Code    26  stm32f37x_rcc.o(i.RCC_APB2PeriphResetCmd)
    RCC_GetClocksFreq                        0x0800233d   Thumb Code   504  stm32f37x_rcc.o(i.RCC_GetClocksFreq)
    RCC_SDADCCLKConfig                       0x0800254d   Thumb Code    22  stm32f37x_rcc.o(i.RCC_SDADCCLKConfig)
    RTE_INITIAL                              0x08002569   Thumb Code   108  main.o(i.RTE_INITIAL)
    SDADC1_Config                            0x08002711   Thumb Code   906  sdadc.o(i.SDADC1_Config)
    SDADC1_IRQHandler                        0x08002ad5   Thumb Code   172  stm32f37x_it.o(i.SDADC1_IRQHandler)
    SDADC2_IRQHandler                        0x08002bb5   Thumb Code   250  stm32f37x_it.o(i.SDADC2_IRQHandler)
    SDADC3_IRQHandler                        0x08002cf5   Thumb Code   210  stm32f37x_it.o(i.SDADC3_IRQHandler)
    SDADC_AINInit                            0x08002e01   Thumb Code    30  stm32f37x_sdadc.o(i.SDADC_AINInit)
    SDADC_CalibrationSequenceConfig          0x08002e1f   Thumb Code    14  stm32f37x_sdadc.o(i.SDADC_CalibrationSequenceConfig)
    SDADC_ChannelConfig                      0x08002e2d   Thumb Code    30  stm32f37x_sdadc.o(i.SDADC_ChannelConfig)
    SDADC_Cmd                                0x08002e51   Thumb Code    22  stm32f37x_sdadc.o(i.SDADC_Cmd)
    SDADC_GetFlagStatus                      0x08002e67   Thumb Code    18  stm32f37x_sdadc.o(i.SDADC_GetFlagStatus)
    SDADC_GetInjectedConversionValue         0x08002e79   Thumb Code    30  stm32f37x_sdadc.o(i.SDADC_GetInjectedConversionValue)
    SDADC_ITConfig                           0x08002e9d   Thumb Code    18  stm32f37x_sdadc.o(i.SDADC_ITConfig)
    SDADC_InitModeCmd                        0x08002eaf   Thumb Code    22  stm32f37x_sdadc.o(i.SDADC_InitModeCmd)
    SDADC_InjectedChannelSelect              0x08002ec5   Thumb Code     6  stm32f37x_sdadc.o(i.SDADC_InjectedChannelSelect)
    SDADC_InjectedContinuousModeCmd          0x08002ecb   Thumb Code    22  stm32f37x_sdadc.o(i.SDADC_InjectedContinuousModeCmd)
    SDADC_SoftwareStartInjectedConv          0x08002ee1   Thumb Code    10  stm32f37x_sdadc.o(i.SDADC_SoftwareStartInjectedConv)
    SDADC_StartCalibration                   0x08002eeb   Thumb Code    10  stm32f37x_sdadc.o(i.SDADC_StartCalibration)
    SDADC_VREFSelect                         0x08002ef5   Thumb Code    16  stm32f37x_sdadc.o(i.SDADC_VREFSelect)
    SPI1_Configuration                       0x08002f09   Thumb Code   260  spi.o(i.SPI1_Configuration)
    SPI1_IRQHandler                          0x08003019   Thumb Code   146  stm32f37x_it.o(i.SPI1_IRQHandler)
    SPI1_ReadByte                            0x080030c5   Thumb Code    40  stm32f37x_it.o(i.SPI1_ReadByte)
    SPI2_IRQHandler                          0x080030f1   Thumb Code    60  stm32f37x_it.o(i.SPI2_IRQHandler)
    SPI2_ReadByte                            0x08003139   Thumb Code    14  stm32f37x_it.o(i.SPI2_ReadByte)
    SPI3_IRQHandler                          0x0800314d   Thumb Code    52  stm32f37x_it.o(i.SPI3_IRQHandler)
    SPI3_ReadByte                            0x0800318d   Thumb Code    40  stm32f37x_it.o(i.SPI3_ReadByte)
    SPIByte                                  0x080031b9   Thumb Code   110  main.o(i.SPIByte)
    SPI_Cmd                                  0x0800322d   Thumb Code    24  stm32f37x_spi.o(i.SPI_Cmd)
    SPI_I2S_DeInit                           0x08003245   Thumb Code    76  stm32f37x_spi.o(i.SPI_I2S_DeInit)
    SPI_I2S_GetFlagStatus                    0x0800329d   Thumb Code    18  stm32f37x_spi.o(i.SPI_I2S_GetFlagStatus)
    SPI_I2S_ITConfig                         0x080032af   Thumb Code    32  stm32f37x_spi.o(i.SPI_I2S_ITConfig)
    SPI_I2S_ReceiveData16                    0x080032cf   Thumb Code     6  stm32f37x_spi.o(i.SPI_I2S_ReceiveData16)
    SPI_Init                                 0x080032d5   Thumb Code    80  stm32f37x_spi.o(i.SPI_Init)
    SPI_ReceiveData8                         0x08003325   Thumb Code    12  stm32f37x_spi.o(i.SPI_ReceiveData8)
    SPI_RxFIFOThresholdConfig                0x08003331   Thumb Code    18  stm32f37x_spi.o(i.SPI_RxFIFOThresholdConfig)
    SPI_SendData8                            0x08003343   Thumb Code    10  stm32f37x_spi.o(i.SPI_SendData8)
    STMFLASH_Read                            0x0800334d   Thumb Code    34  main.o(i.STMFLASH_Read)
    STMFLASH_ReadHalfWord                    0x0800336f   Thumb Code     6  main.o(i.STMFLASH_ReadHalfWord)
    STMFLASH_ReadLong                        0x08003375   Thumb Code     6  main.o(i.STMFLASH_ReadLong)
    STMFLASH_Write                           0x0800337d   Thumb Code   222  main.o(i.STMFLASH_Write)
    STMFLASH_Write_NoCheck                   0x08003465   Thumb Code    38  main.o(i.STMFLASH_Write_NoCheck)
    SVC_Handler                              0x0800348b   Thumb Code     2  stm32f37x_it.o(i.SVC_Handler)
    SysTick_Handler                          0x08003551   Thumb Code     8  stm32f37x_it.o(i.SysTick_Handler)
    SystemInit                               0x08003559   Thumb Code   110  system_stm32f37x.o(i.SystemInit)
    TIM12_IRQHandler                         0x080035d9   Thumb Code   248  stm32f37x_it.o(i.TIM12_IRQHandler)
    TIM19_IRQHandler                         0x080036e1   Thumb Code   496  stm32f37x_it.o(i.TIM19_IRQHandler)
    TIM2_IRQHandler                          0x080038e1   Thumb Code    36  stm32f37x_it.o(i.TIM2_IRQHandler)
    TIM3_IRQHandler                          0x08003909   Thumb Code     2  stm32f37x_it.o(i.TIM3_IRQHandler)
    TIM5_IRQHandler                          0x0800390d   Thumb Code    30  stm32f37x_it.o(i.TIM5_IRQHandler)
    TIM_ClearFlag                            0x08003931   Thumb Code     6  stm32f37x_tim.o(i.TIM_ClearFlag)
    TIM_ClearITPendingBit                    0x08003937   Thumb Code     6  stm32f37x_tim.o(i.TIM_ClearITPendingBit)
    TIM_Cmd                                  0x0800393d   Thumb Code    24  stm32f37x_tim.o(i.TIM_Cmd)
    TIM_DeInit                               0x08003955   Thumb Code   348  stm32f37x_tim.o(i.TIM_DeInit)
    TIM_GetCapture1                          0x08003ae5   Thumb Code     6  stm32f37x_tim.o(i.TIM_GetCapture1)
    TIM_GetCapture2                          0x08003aeb   Thumb Code     6  stm32f37x_tim.o(i.TIM_GetCapture2)
    TIM_GetCapture3                          0x08003af1   Thumb Code     6  stm32f37x_tim.o(i.TIM_GetCapture3)
    TIM_GetCapture4                          0x08003af7   Thumb Code     6  stm32f37x_tim.o(i.TIM_GetCapture4)
    TIM_GetITStatus                          0x08003afd   Thumb Code    34  stm32f37x_tim.o(i.TIM_GetITStatus)
    TIM_ITConfig                             0x08003b1f   Thumb Code    18  stm32f37x_tim.o(i.TIM_ITConfig)
    TIM_TimeBaseInit                         0x08003b31   Thumb Code   110  stm32f37x_tim.o(i.TIM_TimeBaseInit)
    Timer_Configuration                      0x08003bc9   Thumb Code   198  main.o(i.Timer_Configuration)
    TimingDelay_Decrement                    0x08003c95   Thumb Code    18  systick.o(i.TimingDelay_Decrement)
    USART3_IRQHandler                        0x08003cad   Thumb Code   202  stm32f37x_it.o(i.USART3_IRQHandler)
    USART_ClearFlag                          0x08003d99   Thumb Code     4  stm32f37x_usart.o(i.USART_ClearFlag)
    USART_ClearITPendingBit                  0x08003d9d   Thumb Code    18  stm32f37x_usart.o(i.USART_ClearITPendingBit)
    USART_GetFlagStatus                      0x08003daf   Thumb Code    18  stm32f37x_usart.o(i.USART_GetFlagStatus)
    USART_GetITStatus                        0x08003dc1   Thumb Code    74  stm32f37x_usart.o(i.USART_GetITStatus)
    USART_ReceiveData                        0x08003e0b   Thumb Code    10  stm32f37x_usart.o(i.USART_ReceiveData)
    UsageFault_Handler                       0x08003e79   Thumb Code     4  stm32f37x_it.o(i.UsageFault_Handler)
    main                                     0x08003fed   Thumb Code  1316  main.o(i.main)
    __aeabi_d2f                              0x08004521   Thumb Code     0  d2f.o(x$fpl$d2f)
    _d2f                                     0x08004521   Thumb Code    98  d2f.o(x$fpl$d2f)
    __aeabi_dadd                             0x08004585   Thumb Code     0  daddsub_clz.o(x$fpl$dadd)
    _dadd                                    0x08004585   Thumb Code   332  daddsub_clz.o(x$fpl$dadd)
    __aeabi_ddiv                             0x080046d5   Thumb Code     0  ddiv.o(x$fpl$ddiv)
    _ddiv                                    0x080046d5   Thumb Code   552  ddiv.o(x$fpl$ddiv)
    __aeabi_d2uiz                            0x08004985   Thumb Code     0  dfixu.o(x$fpl$dfixu)
    _dfixu                                   0x08004985   Thumb Code    90  dfixu.o(x$fpl$dfixu)
    __aeabi_ui2d                             0x080049df   Thumb Code     0  dflt_clz.o(x$fpl$dfltu)
    _dfltu                                   0x080049df   Thumb Code    38  dflt_clz.o(x$fpl$dfltu)
    __aeabi_dmul                             0x08004a05   Thumb Code     0  dmul.o(x$fpl$dmul)
    _dmul                                    0x08004a05   Thumb Code   332  dmul.o(x$fpl$dmul)
    __fpl_dnaninf                            0x08004b59   Thumb Code   156  dnaninf.o(x$fpl$dnaninf)
    __fpl_dretinf                            0x08004bf5   Thumb Code    12  dretinf.o(x$fpl$dretinf)
    __aeabi_dsub                             0x08004c01   Thumb Code     0  daddsub_clz.o(x$fpl$dsub)
    _dsub                                    0x08004c01   Thumb Code   464  daddsub_clz.o(x$fpl$dsub)
    __aeabi_f2d                              0x08004dd5   Thumb Code     0  f2d.o(x$fpl$f2d)
    _f2d                                     0x08004dd5   Thumb Code    86  f2d.o(x$fpl$f2d)
    __fpl_fnaninf                            0x08004e2b   Thumb Code   140  fnaninf.o(x$fpl$fnaninf)
    _fp_init                                 0x08004eb7   Thumb Code    10  fpinit.o(x$fpl$fpinit)
    __fplib_config_fpu_vfp                   0x08004ebf   Thumb Code     0  fpinit.o(x$fpl$fpinit)
    __fplib_config_pureend_doubles           0x08004ebf   Thumb Code     0  fpinit.o(x$fpl$fpinit)
    __fpl_fretinf                            0x08004ec1   Thumb Code    10  fretinf.o(x$fpl$fretinf)
    __I$use$fp                               0x08004eca   Number         0  usenofp.o(x$fpl$usenofp)
    CCP_COMMAND_FCN_PTR                      0x08004ecc   Data         144  ccp2conf.o(.constdata)
    CCP_DAQ_Configuration                    0x08004f5c   Data          64  ccp2conf.o(.constdata)
    CAN_Transmit_Message_Parameter_Table     0x08004fbc   Data         420  io_can_config.o(.constdata)
    CAN_Receive_Message_Parameter_Table      0x08005160   Data          16  io_can_config.o(.constdata)
    Region$$Table$$Base                      0x08005170   Number         0  anon$$obj.o(Region$$Table)
    Region$$Table$$Limit                     0x08005190   Number         0  anon$$obj.o(Region$$Table)
    VfStep_Count                             0x20000028   Data           2  stm32f37x_it.o(.data)
    VfStep_Count_pre                         0x2000002c   Data           4  stm32f37x_it.o(.data)
    Uart2_Rx                                 0x20000030   Data           1  stm32f37x_it.o(.data)
    Uart2_Tx                                 0x20000031   Data           1  stm32f37x_it.o(.data)
    Vbstarttoreceive                         0x20000032   Data           1  stm32f37x_it.o(.data)
    uart_length                              0x20000033   Data           1  stm32f37x_it.o(.data)
    VbRTI_enable                             0x20000034   Data           1  stm32f37x_it.o(.data)
    rxmsgisok                                0x20000035   Data           1  stm32f37x_it.o(.data)
    Uarttimeout                              0x20000038   Data           4  stm32f37x_it.o(.data)
    test1                                    0x2000003c   Data           4  stm32f37x_it.o(.data)
    test2                                    0x20000040   Data           4  stm32f37x_it.o(.data)
    test3                                    0x20000044   Data           4  stm32f37x_it.o(.data)
    count_temp                               0x20000048   Data           1  stm32f37x_it.o(.data)
    test_can                                 0x20000049   Data           1  stm32f37x_it.o(.data)
    received_msg                             0x2000004a   Data           8  stm32f37x_it.o(.data)
    numbersdadc                              0x20000052   Data           2  stm32f37x_it.o(.data)
    buff                                     0x20000054   Data           1  stm32f37x_it.o(.data)
    SPI_feedback                             0x20000056   Data           2  stm32f37x_it.o(.data)
    UR2_7                                    0x20000058   Data           2  stm32f37x_it.o(.data)
    UA3_7                                    0x2000005a   Data           2  stm32f37x_it.o(.data)
    UW3_5                                    0x2000005c   Data           2  stm32f37x_it.o(.data)
    UC2_5                                    0x2000005e   Data           2  stm32f37x_it.o(.data)
    UD_3_5                                   0x20000060   Data           2  stm32f37x_it.o(.data)
    Vbleft                                   0x20000062   Data           1  stm32f37x_it.o(.data)
    Vbright                                  0x20000063   Data           1  stm32f37x_it.o(.data)
    temp_readback                            0x20000064   Data           2  stm32f37x_it.o(.data)
    temp_count                               0x20000068   Data           4  main.o(.data)
    FLASHStatus                              0x2000006c   Data           1  main.o(.data)
    InjectedConvData                         0x2000006e   Data           2  main.o(.data)
    InjectedConvData2                        0x20000070   Data           2  main.o(.data)
    Output_V                                 0x20000072   Data           2  main.o(.data)
    TimingDelay                              0x20000074   Data           4  main.o(.data)
    test_dlc                                 0x20000078   Data           8  main.o(.data)
    state_key                                0x20000080   Data           1  main.o(.data)
    abc                                      0x20000082   Data           2  main.o(.data)
    duty_cycle_temp                          0x20000084   Data           4  main.o(.data)
    utemp                                    0x20000088   Data           4  main.o(.data)
    abc_delay                                0x2000008c   Data           1  main.o(.data)
    VcWatch_dog                              0x2000008d   Data           1  main.o(.data)
    count_loop                               0x2000008e   Data           1  main.o(.data)
    uarttransmitlen                          0x2000008f   Data           1  main.o(.data)
    uarttransmit                             0x20000090   Data           1  main.o(.data)
    VbtestForwork                            0x20000091   Data           1  main.o(.data)
    VbtestForwork1                           0x20000092   Data           1  main.o(.data)
    VbtestForwork_start                      0x20000093   Data           1  main.o(.data)
    Vftemp                                   0x20000094   Data           4  main.o(.data)
    Vftemp1                                  0x20000098   Data           4  main.o(.data)
    Vftemp_test                              0x2000009c   Data           4  main.o(.data)
    Vftemp_test1                             0x200000a0   Data           4  main.o(.data)
    Vftemp_pre                               0x200000a4   Data           4  main.o(.data)
    Vftemp_test_pre                          0x200000a8   Data           4  main.o(.data)
    Vftemp_test1_pre                         0x200000ac   Data           4  main.o(.data)
    local_temp                               0x200000b0   Data           4  main.o(.data)
    ADC1ConvertedVoltage                     0x200000b4   Data           2  main.o(.data)
    ADC_float                                0x200000b8   Data           4  main.o(.data)
    Rx_ADC_float                             0x200000bc   Data           4  main.o(.data)
    Rx_CAL_A                                 0x200000c0   Data           4  main.o(.data)
    Rx_CAL_B                                 0x200000c4   Data           4  main.o(.data)
    Rx_ADC_float2                            0x200000c8   Data           4  main.o(.data)
    VcErrorCount                             0x200000cc   Data           2  main.o(.data)
    temp_value                               0x200000ce   Data           2  main.o(.data)
    SDADC1_DR_Address                        0x200000d0   Data           2  main.o(.data)
    RegularConvData_Tab1                     0x200000d2   Data           2  main.o(.data)
    RegularConvData_Tab11                    0x200000d4   Data           2  main.o(.data)
    Vbauto_action                            0x200000d6   Data           1  main.o(.data)
    Vbmachine_reset                          0x200000d7   Data           1  main.o(.data)
    VbAuto_Start                             0x200000d8   Data           1  main.o(.data)
    VbAuto_Stop                              0x200000d9   Data           1  main.o(.data)
    Vbmachine_Stop                           0x200000da   Data           1  main.o(.data)
    Vbcalcbypass                             0x200000db   Data           1  main.o(.data)
    Vbmuryo_Check                            0x200000dc   Data           1  main.o(.data)
    Vbbypass_con                             0x200000dd   Data           1  main.o(.data)
    Vbtapebreak_Check                        0x200000de   Data           1  main.o(.data)
    Vbauto_stop_alarm                        0x200000df   Data           1  main.o(.data)
    VbPoint_abnormal                         0x200000e0   Data           1  main.o(.data)
    VbHigh_limit_abn                         0x200000e1   Data           1  main.o(.data)
    VbLow_limit_abn                          0x200000e2   Data           1  main.o(.data)
    VbHigh_limit_lost                        0x200000e3   Data           1  main.o(.data)
    VbBuffer_overlength                      0x200000e4   Data           1  main.o(.data)
    VbCount_reverse                          0x200000e5   Data           1  main.o(.data)
    VbCount_abnormal                         0x200000e6   Data           1  main.o(.data)
    testa                                    0x200000e7   Data           1  main.o(.data)
    testb                                    0x200000e8   Data           1  main.o(.data)
    testc                                    0x200000e9   Data           1  main.o(.data)
    testd                                    0x200000ea   Data           1  main.o(.data)
    teste                                    0x200000eb   Data           1  main.o(.data)
    testf                                    0x200000ec   Data           1  main.o(.data)
    VfIpmeas                                 0x200000f0   Data           4  main.o(.data)
    Vfvalue_air                              0x200000f4   Data           4  main.o(.data)
    temp_test_v                              0x200000f8   Data           4  main.o(.data)
    PT_VALUE                                 0x200000fc   Data           4  main.o(.data)
    VF1                                      0x20000100   Data           4  main.o(.data)
    VF2                                      0x20000104   Data           4  main.o(.data)
    VcFault                                  0x20000108   Data           2  main.o(.data)
    VcReset                                  0x2000010a   Data           2  main.o(.data)
    GPIO_Status                              0x2000010c   Data           8  main.o(.data)
    Vfindex_of_tables                        0x20000114   Data           1  main.o(.data)
    SIFX_OUT                                 0x20000118   Data           4  main.o(.data)
    numberofupdated                          0x2000011c   Data           1  main.o(.data)
    startbyte                                0x2000011d   Data           1  main.o(.data)
    CANbps                                   0x2000011e   Data           1  main.o(.data)
    stmCANID                                 0x2000011f   Data           1  main.o(.data)
    uart485bps                               0x20000120   Data           1  main.o(.data)
    uart485id                                0x20000121   Data           1  main.o(.data)
    I2c_eepbuffer                            0x20000122   Data           4  main.o(.data)
    temp2                                    0x20000126   Data           2  main.o(.data)
    NumDataRead                              0x20000128   Data           2  main.o(.data)
    spi_message                              0x2000012a   Data           2  main.o(.data)
    InputVoltageMv1                          0x2000012c   Data           2  main.o(.data)
    TxMessage                                0x2000012e   Data           8  main.o(.data)
    TxMessage1                               0x20000136   Data           8  main.o(.data)
    data1                                    0x20000140   Data           4  main.o(.data)
    data2                                    0x20000144   Data           4  main.o(.data)
    vad2                                     0x20000148   Data           4  main.o(.data)
    a1                                       0x2000014c   Data           4  main.o(.data)
    b1                                       0x20000150   Data           4  main.o(.data)
    c1                                       0x20000154   Data           4  main.o(.data)
    a2                                       0x20000158   Data           4  main.o(.data)
    b2                                       0x2000015c   Data           4  main.o(.data)
    c2                                       0x20000160   Data           4  main.o(.data)
    ref                                      0x20000164   Data           4  main.o(.data)
    vad1                                     0x20000168   Data           2  main.o(.data)
    Adc                                      0x2000016c   Data           4  main.o(.data)
    vf                                       0x20000170   Data           4  main.o(.data)
    VRi                                      0x20000174   Data           4  main.o(.data)
    VfDcelay_Time                            0x20000178   Data           4  main.o(.data)
    ScHour                                   0x2000017c   Data           4  main.o(.data)
    old_rx_msg1                              0x20000180   Data           2  main.o(.data)
    old_rx_msg                               0x20000182   Data           2  main.o(.data)
    spi_status                               0x20000184   Data           2  main.o(.data)
    ScOffset_work                            0x20000186   Data           2  main.o(.data)
    ScWork_flow                              0x20000188   Data           1  main.o(.data)
    CANID_Merge                              0x20000189   Data           1  main.o(.data)
    ADC_value                                0x2000018a   Data           2  main.o(.data)
    ScBackVIC_Clamp_time                     0x2000018c   Data           1  main.o(.data)
    ScFrontVIC_Loosen_time                   0x2000018d   Data           1  main.o(.data)
    VcBuffer_B_Feed                          0x2000018e   Data           1  main.o(.data)
    ScFrontVIC_Clamp_time                    0x2000018f   Data           1  main.o(.data)
    ScBackVIC_Loosen_time                    0x20000190   Data           1  main.o(.data)
    ScSecond                                 0x20000191   Data           1  main.o(.data)
    ScMinute                                 0x20000192   Data           1  main.o(.data)
    SbSwitch_OnOff                           0x20000193   Data           1  main.o(.data)
    VbLostSensor_Saw                         0x20000194   Data           1  main.o(.data)
    VbLostSensor_Pump                        0x20000195   Data           1  main.o(.data)
    VbLostSensor_Press                       0x20000196   Data           1  main.o(.data)
    count_time                               0x20000198   Data           2  main.o(.data)
    work_count                               0x2000019a   Data           2  main.o(.data)
    VcMotor_DC_count                         0x2000019c   Data           2  main.o(.data)
    count_time1                              0x2000019e   Data           2  main.o(.data)
    Scdelay_time                             0x200001a0   Data           2  main.o(.data)
    VcTestRUN                                0x200001a2   Data           2  main.o(.data)
    VcRuntime                                0x200001a4   Data           2  main.o(.data)
    VcLoop_Count                             0x200001a6   Data           1  main.o(.data)
    VcLoop_Count_Act                         0x200001a7   Data           1  main.o(.data)
    ScWork_AutoRun                           0x200001a8   Data           1  main.o(.data)
    virtual_pwm                              0x200001a9   Data           1  main.o(.data)
    virtual_periods                          0x200001aa   Data           1  main.o(.data)
    VcMotor_DC                               0x200001ab   Data           1  main.o(.data)
    VcMotor_DC_Cur                           0x200001ac   Data           1  main.o(.data)
    VcMotor_DC_pre                           0x200001ad   Data           1  main.o(.data)
    Vcdelay_time                             0x200001ae   Data           1  main.o(.data)
    Vcdelay_time1                            0x200001af   Data           1  main.o(.data)
    VbMotor_Start                            0x200001b0   Data           1  main.o(.data)
    Vbupdateforbutter                        0x200001b1   Data           1  main.o(.data)
    Vbneedgearoil                            0x200001b2   Data           1  main.o(.data)
    VbPumpOn_Pre                             0x200001b3   Data           1  main.o(.data)
    VbSawheel_high                           0x200001b4   Data           1  main.o(.data)
    Vbpump_high                              0x200001b5   Data           1  main.o(.data)
    VbAPP_Stop_up                            0x200001b6   Data           1  main.o(.data)
    Vbstart_roll                             0x200001b7   Data           1  main.o(.data)
    virtual_pwm1                             0x200001b8   Data           1  main.o(.data)
    virtual_periods1                         0x200001b9   Data           1  main.o(.data)
    VbRun_test                               0x200001ba   Data           1  main.o(.data)
    Vbtest_stop                              0x200001bb   Data           1  main.o(.data)
    VbRun_test_pre                           0x200001bc   Data           1  main.o(.data)
    Vfpressure_limit                         0x200001c0   Data           4  main.o(.data)
    Vfpressure_Keep                          0x200001c4   Data           4  main.o(.data)
    Kfvalue_air                              0x200001c8   Data          36  main.o(.data)
    KfIpmeas                                 0x200001ec   Data          36  main.o(.data)
    ADCConvertedValue_total                  0x20000210   Data           4  main.o(.data)
    ADC1ConvertedValuetemp                   0x20000214   Data           2  main.o(.data)
    destination_ptr                          0x20000218   Data           4  ccp2daq.o(.data)
    temp_address1                            0x2000021c   Data           4  ccp2daq.o(.data)
    ccp_session_configuration_id_NVM         0x2000022c   Data           4  ccp2session_nvm.o(.data)
    ccp_session_status_NVM                   0x20000230   Data           1  ccp2session_nvm.o(.data)
    crc                                      0x20000234   Data           2  can.o(.data)
    status                                   0x20000236   Data           1  can.o(.data)
    ret                                      0x20000238   Data           4  can.o(.data)
    can_message_id1                          0x2000023c   Data           4  can.o(.data)
    temp_float                               0x20000240   Data           4  can.o(.data)
    Rxmessage10                              0x20000244   Data           8  can.o(.data)
    RxMessage1                               0x2000024c   Data           8  can.o(.data)
    VbNew_Message_Received                   0x20000254   Data           1  can.o(.data)
    VbNew_Message10_Received                 0x20000255   Data           1  can.o(.data)
    Uart2_Buffer                             0x20000258   Data         255  stm32f37x_it.o(.bss)
    RxMessage                                0x20000358   Data          20  stm32f37x_it.o(.bss)
    InjectedConvData1                        0x2000036c   Data          20  stm32f37x_it.o(.bss)
    InjectedConvData3                        0x20000380   Data          20  stm32f37x_it.o(.bss)
    AD                                       0x20000394   Data          28  stm32f37x_it.o(.bss)
    avgsdadc                                 0x200003b0   Data          20  stm32f37x_it.o(.bss)
    inputcapture                             0x200003c4   Data          24  stm32f37x_it.o(.bss)
    inputcapture_pre                         0x200003dc   Data          24  stm32f37x_it.o(.bss)
    inputcapture_diff                        0x200003f4   Data          24  stm32f37x_it.o(.bss)
    Master_Temp                              0x2000040c   Data         200  stm32f37x_it.o(.bss)
    uart_tx_buff                             0x200004d4   Data          50  main.o(.bss)
    STMFLASH_BUF                             0x20000506   Data        2048  main.o(.bss)
    Rx_ADC_float1                            0x20000d06   Data         112  main.o(.bss)
    Uartsent_Buffer                          0x20000d76   Data          50  main.o(.bss)
    Uartsent_Buffer_old                      0x20000da8   Data          21  main.o(.bss)
    testarray                                0x20000dbd   Data          10  main.o(.bss)
    outputdata                               0x20000dc7   Data          56  main.o(.bss)
    g_cala                                   0x20000e00   Data          56  main.o(.bss)
    g_calb                                   0x20000e38   Data          56  main.o(.bss)
    test_value_monitor                       0x20000e70   Data        1020  main.o(.bss)
    Adc_pre                                  0x2000126c   Data          56  main.o(.bss)
    modbusbuffer                             0x200012a4   Data          44  main.o(.bss)
    modbusbuffer1                            0x200012d0   Data          32  main.o(.bss)
    modbusbuffer2                            0x200012f0   Data          32  main.o(.bss)
    RxMessage0                               0x20001310   Data          20  main.o(.bss)
    ADCConvertedValue                        0x20001324   Data          26  main.o(.bss)
    DAQ_List_Status                          0x200013b8   Data          80  ccp2daq.o(.bss)
    ccp                                      0x20001408   Data          44  ccp2main.o(.bss)
    daq0_config_buffer_NVM                   0x20001434   Data          32  ccp2nvmd.o(.bss)
    daq1_config_buffer_NVM                   0x20001454   Data          32  ccp2nvmd.o(.bss)
    daq2_config_buffer_NVM                   0x20001474   Data          64  ccp2nvmd.o(.bss)
    daq3_config_buffer_NVM                   0x200014b4   Data          64  ccp2nvmd.o(.bss)
    CCP_DAQ_Resume_Data_NVM                  0x200014f4   Data          48  ccp2nvmd.o(.bss)
    __libspace_start                         0x20001524   Data          96  libspace.o(.bss)
    __temporary_stack_top$libspace           0x20001584   Data           0  libspace.o(.bss)



==============================================================================

Memory Map of the image

  Image Entry point : 0x08000269

  Load Region LR_1 (Base: 0x08000000, Size: 0x000053e8, Max: 0xffffffff, ABSOLUTE, COMPRESSED[0x00005208])

    Execution Region ER_RO (Base: 0x08000000, Size: 0x00005190, Max: 0xffffffff, ABSOLUTE)

    Base Addr    Size         Type   Attr      Idx    E Section Name        Object

    0x08000000   0x00000188   Data   RO         5460    RESET               startup_stm32f37x.o
    0x08000188   0x00000008   Code   RO         5590  * !!!main             c_w.l(__main.o)
    0x08000190   0x00000034   Code   RO         5783    !!!scatter          c_w.l(__scatter.o)
    0x080001c4   0x0000005a   Code   RO         5781    !!dczerorl2         c_w.l(__dczerorl2.o)
    0x0800021e   0x00000002   PAD
    0x08000220   0x0000001c   Code   RO         5785    !!handler_zi        c_w.l(__scatter_zi.o)
    0x0800023c   0x00000002   Code   RO         5652    .ARM.Collect$$libinit$$00000000  c_w.l(libinit.o)
    0x0800023e   0x00000004   Code   RO         5658    .ARM.Collect$$libinit$$00000001  c_w.l(libinit2.o)
    0x08000242   0x00000000   Code   RO         5661    .ARM.Collect$$libinit$$00000004  c_w.l(libinit2.o)
    0x08000242   0x00000000   Code   RO         5664    .ARM.Collect$$libinit$$0000000A  c_w.l(libinit2.o)
    0x08000242   0x00000000   Code   RO         5666    .ARM.Collect$$libinit$$0000000C  c_w.l(libinit2.o)
    0x08000242   0x00000000   Code   RO         5668    .ARM.Collect$$libinit$$0000000E  c_w.l(libinit2.o)
    0x08000242   0x00000000   Code   RO         5671    .ARM.Collect$$libinit$$00000011  c_w.l(libinit2.o)
    0x08000242   0x00000000   Code   RO         5673    .ARM.Collect$$libinit$$00000013  c_w.l(libinit2.o)
    0x08000242   0x00000000   Code   RO         5675    .ARM.Collect$$libinit$$00000015  c_w.l(libinit2.o)
    0x08000242   0x00000000   Code   RO         5677    .ARM.Collect$$libinit$$00000017  c_w.l(libinit2.o)
    0x08000242   0x00000000   Code   RO         5679    .ARM.Collect$$libinit$$00000019  c_w.l(libinit2.o)
    0x08000242   0x00000000   Code   RO         5681    .ARM.Collect$$libinit$$0000001B  c_w.l(libinit2.o)
    0x08000242   0x00000000   Code   RO         5683    .ARM.Collect$$libinit$$0000001D  c_w.l(libinit2.o)
    0x08000242   0x00000000   Code   RO         5685    .ARM.Collect$$libinit$$0000001F  c_w.l(libinit2.o)
    0x08000242   0x00000000   Code   RO         5687    .ARM.Collect$$libinit$$00000021  c_w.l(libinit2.o)
    0x08000242   0x00000000   Code   RO         5689    .ARM.Collect$$libinit$$00000023  c_w.l(libinit2.o)
    0x08000242   0x00000000   Code   RO         5691    .ARM.Collect$$libinit$$00000025  c_w.l(libinit2.o)
    0x08000242   0x00000000   Code   RO         5695    .ARM.Collect$$libinit$$0000002C  c_w.l(libinit2.o)
    0x08000242   0x00000000   Code   RO         5697    .ARM.Collect$$libinit$$0000002E  c_w.l(libinit2.o)
    0x08000242   0x00000000   Code   RO         5699    .ARM.Collect$$libinit$$00000030  c_w.l(libinit2.o)
    0x08000242   0x00000000   Code   RO         5701    .ARM.Collect$$libinit$$00000032  c_w.l(libinit2.o)
    0x08000242   0x00000002   Code   RO         5702    .ARM.Collect$$libinit$$00000033  c_w.l(libinit2.o)
    0x08000244   0x00000002   Code   RO         5722    .ARM.Collect$$libshutdown$$00000000  c_w.l(libshutdown.o)
    0x08000246   0x00000000   Code   RO         5736    .ARM.Collect$$libshutdown$$00000003  c_w.l(libshutdown2.o)
    0x08000246   0x00000000   Code   RO         5739    .ARM.Collect$$libshutdown$$00000006  c_w.l(libshutdown2.o)
    0x08000246   0x00000000   Code   RO         5742    .ARM.Collect$$libshutdown$$00000009  c_w.l(libshutdown2.o)
    0x08000246   0x00000000   Code   RO         5744    .ARM.Collect$$libshutdown$$0000000B  c_w.l(libshutdown2.o)
    0x08000246   0x00000000   Code   RO         5747    .ARM.Collect$$libshutdown$$0000000E  c_w.l(libshutdown2.o)
    0x08000246   0x00000002   Code   RO         5748    .ARM.Collect$$libshutdown$$0000000F  c_w.l(libshutdown2.o)
    0x08000248   0x00000000   Code   RO         5618    .ARM.Collect$$rtentry$$00000000  c_w.l(__rtentry.o)
    0x08000248   0x00000000   Code   RO         5629    .ARM.Collect$$rtentry$$00000002  c_w.l(__rtentry2.o)
    0x08000248   0x00000006   Code   RO         5641    .ARM.Collect$$rtentry$$00000004  c_w.l(__rtentry4.o)
    0x0800024e   0x00000000   Code   RO         5631    .ARM.Collect$$rtentry$$00000009  c_w.l(__rtentry2.o)
    0x0800024e   0x00000004   Code   RO         5632    .ARM.Collect$$rtentry$$0000000A  c_w.l(__rtentry2.o)
    0x08000252   0x00000000   Code   RO         5634    .ARM.Collect$$rtentry$$0000000C  c_w.l(__rtentry2.o)
    0x08000252   0x00000008   Code   RO         5635    .ARM.Collect$$rtentry$$0000000D  c_w.l(__rtentry2.o)
    0x0800025a   0x00000002   Code   RO         5656    .ARM.Collect$$rtexit$$00000000  c_w.l(rtexit.o)
    0x0800025c   0x00000000   Code   RO         5704    .ARM.Collect$$rtexit$$00000002  c_w.l(rtexit2.o)
    0x0800025c   0x00000004   Code   RO         5705    .ARM.Collect$$rtexit$$00000003  c_w.l(rtexit2.o)
    0x08000260   0x00000006   Code   RO         5706    .ARM.Collect$$rtexit$$00000004  c_w.l(rtexit2.o)
    0x08000266   0x00000002   PAD
    0x08000268   0x00000040   Code   RO         5461  * .text               startup_stm32f37x.o
    0x080002a8   0x00000006   Code   RO         5588    .text               c_w.l(heapauxi.o)
    0x080002ae   0x0000004a   Code   RO         5643    .text               c_w.l(sys_stackheap_outer.o)
    0x080002f8   0x0000000c   Code   RO         5645    .text               c_w.l(exit.o)
    0x08000304   0x00000008   Code   RO         5653    .text               c_w.l(libspace.o)
    0x0800030c   0x0000000c   Code   RO         5714    .text               c_w.l(sys_exit.o)
    0x08000318   0x00000002   Code   RO         5725    .text               c_w.l(use_no_semi.o)
    0x0800031a   0x00000000   Code   RO         5727    .text               c_w.l(indicate_semi.o)
    0x0800031a   0x00000002   PAD
    0x0800031c   0x000001f8   Code   RO         4431    i.ADC1_Init         main.o
    0x08000514   0x00000016   Code   RO          353    i.ADC_Cmd           stm32f37x_adc.o
    0x0800052a   0x00000016   Code   RO          355    i.ADC_DMACmd        stm32f37x_adc.o
    0x08000540   0x00000018   Code   RO          356    i.ADC_DeInit        stm32f37x_adc.o
    0x08000558   0x00000014   Code   RO          362    i.ADC_GetCalibrationStatus  stm32f37x_adc.o
    0x0800056c   0x00000014   Code   RO          367    i.ADC_GetResetCalibrationStatus  stm32f37x_adc.o
    0x08000580   0x0000004c   Code   RO          371    i.ADC_Init          stm32f37x_adc.o
    0x080005cc   0x000000b8   Code   RO          375    i.ADC_RegularChannelConfig  stm32f37x_adc.o
    0x08000684   0x0000000a   Code   RO          376    i.ADC_ResetCalibration  stm32f37x_adc.o
    0x0800068e   0x0000000a   Code   RO          378    i.ADC_SoftwareStartConv  stm32f37x_adc.o
    0x08000698   0x0000000a   Code   RO          380    i.ADC_StartCalibration  stm32f37x_adc.o
    0x080006a2   0x00000010   Code   RO          381    i.ADC_StructInit    stm32f37x_adc.o
    0x080006b2   0x00000004   Code   RO         4164    i.BusFault_Handler  stm32f37x_it.o
    0x080006b6   0x00000002   PAD
    0x080006b8   0x00000038   Code   RO         4165    i.CAN1_RX0_IRQHandler  stm32f37x_it.o
    0x080006f0   0x00000164   Code   RO         5468    i.CAN1_Receive_Msg  can.o
    0x08000854   0x000000c8   Code   RO         5469    i.CAN1_Send_Msg     can.o
    0x0800091c   0x00000100   Code   RO         5470    i.CAN_Config        can.o
    0x08000a1c   0x00000024   Code   RO          585    i.CAN_DeInit        stm32f37x_can.o
    0x08000a40   0x00000108   Code   RO          587    i.CAN_FilterInit    stm32f37x_can.o
    0x08000b48   0x00000012   Code   RO          593    i.CAN_ITConfig      stm32f37x_can.o
    0x08000b5a   0x00000114   Code   RO          594    i.CAN_Init          stm32f37x_can.o
    0x08000c6e   0x0000001e   Code   RO          595    i.CAN_MessagePending  stm32f37x_can.o
    0x08000c8c   0x000000f0   Code   RO          597    i.CAN_Receive       stm32f37x_can.o
    0x08000d7c   0x00000020   Code   RO          600    i.CAN_StructInit    stm32f37x_can.o
    0x08000d9c   0x00000126   Code   RO          602    i.CAN_Transmit      stm32f37x_can.o
    0x08000ec2   0x00000002   PAD
    0x08000ec4   0x000000a0   Code   RO          603    i.CAN_TransmitStatus  stm32f37x_can.o
    0x08000f64   0x0000004c   Code   RO         4970    i.CCP_Build_Chksum  ccp2mem.o
    0x08000fb0   0x00000098   Code   RO         4972    i.CCP_Clear_Memory  ccp2mem.o
    0x08001048   0x00000018   Code   RO         4614    i.CCP_Clear_Session_Configuration_ID  ccp2conf.o
    0x08001060   0x00000004   Code   RO         4615    i.CCP_Command_Unavailable  ccp2conf.o
    0x08001064   0x00000078   Code   RO         5115    i.CCP_Connect       ccp2mode.o
    0x080010dc   0x00000090   Code   RO         5116    i.CCP_Disconnect    ccp2mode.o
    0x0800116c   0x00000014   Code   RO         4973    i.CCP_Dnload        ccp2mem.o
    0x08001180   0x0000000c   Code   RO         4974    i.CCP_Dnload_6      ccp2mem.o
    0x0800118c   0x00000024   Code   RO         4616    i.CCP_Exchange_ID   ccp2conf.o
    0x080011b0   0x00000010   Code   RO         4617    i.CCP_Get_Active_Cal_Page  ccp2conf.o
    0x080011c0   0x00000014   Code   RO         5117    i.CCP_Get_CCP_Version  ccp2mode.o
    0x080011d4   0x000000ac   Code   RO         4735    i.CCP_Get_DAQ_Size  ccp2daq.o
    0x08001280   0x00000014   Code   RO         5118    i.CCP_Get_S_Status  ccp2mode.o
    0x08001294   0x00000010   Code   RO         5119    i.CCP_Get_Seed      ccp2mode.o
    0x080012a4   0x00000020   Code   RO         4901    i.CCP_Initialize    ccp2main.o
    0x080012c4   0x00000018   Code   RO         4736    i.CCP_Initialize_Resume_Data  ccp2daq.o
    0x080012dc   0x00000038   Code   RO         4618    i.CCP_Initialize_User  ccp2conf.o
    0x08001314   0x00000068   Code   RO         4619    i.CCP_Location_Of_Address_User  ccp2conf.o
    0x0800137c   0x00000058   Code   RO         4975    i.CCP_Move          ccp2mem.o
    0x080013d4   0x00000014   Code   RO         4977    i.CCP_Program       ccp2mem.o
    0x080013e8   0x0000000c   Code   RO         4978    i.CCP_Program_6     ccp2mem.o
    0x080013f4   0x00000006   Code   RO         4620    i.CCP_Read_From_REGISTER_Memory_User  ccp2conf.o
    0x080013fa   0x00000002   PAD
    0x080013fc   0x000000bc   Code   RO         4737    i.CCP_Read_Resume_Data  ccp2daq.o
    0x080014b8   0x0000000c   Code   RO         4621    i.CCP_Read_Session_Status_User  ccp2conf.o
    0x080014c4   0x00000006   Code   RO         4622    i.CCP_Select_Cal_Page  ccp2conf.o
    0x080014ca   0x00000002   PAD
    0x080014cc   0x00000028   Code   RO         4738    i.CCP_Set_DAQ_Ptr   ccp2daq.o
    0x080014f4   0x00000014   Code   RO         4979    i.CCP_Set_MTA       ccp2mem.o
    0x08001508   0x00000074   Code   RO         5120    i.CCP_Set_S_Status  ccp2mode.o
    0x0800157c   0x00000050   Code   RO         4624    i.CCP_Set_S_Status_User  ccp2conf.o
    0x080015cc   0x00000040   Code   RO         4980    i.CCP_Short_Up      ccp2mem.o
    0x0800160c   0x000000dc   Code   RO         4739    i.CCP_Start_Stop    ccp2daq.o
    0x080016e8   0x0000005c   Code   RO         4740    i.CCP_Start_Stop_All  ccp2daq.o
    0x08001744   0x000000ac   Code   RO         4741    i.CCP_Store_Resume_Data  ccp2daq.o
    0x080017f0   0x00000010   Code   RO         5121    i.CCP_Unlock        ccp2mode.o
    0x08001800   0x00000048   Code   RO         4981    i.CCP_Upload        ccp2mem.o
    0x08001848   0x00000094   Code   RO         4743    i.CCP_Write_DAQ     ccp2daq.o
    0x080018dc   0x00000006   Code   RO         4626    i.CCP_Write_To_REGISTER_Memory_User  ccp2conf.o
    0x080018e2   0x00000002   PAD
    0x080018e4   0x00000058   Code   RO         4744    i.Clear_DAQ_List    ccp2daq.o
    0x0800193c   0x00000024   Code   RO         4745    i.DAQ_Starting_PID  ccp2daq.o
    0x08001960   0x00000024   Code   RO         4166    i.DMA2_Channel1_IRQHandler  stm32f37x_it.o
    0x08001984   0x00000024   Code   RO         4167    i.DMA2_Channel2_IRQHandler  stm32f37x_it.o
    0x080019a8   0x00000024   Code   RO         4168    i.DMA2_Channel3_IRQHandler  stm32f37x_it.o
    0x080019cc   0x00000018   Code   RO         1200    i.DMA_Cmd           stm32f37x_dma.o
    0x080019e4   0x0000014c   Code   RO         1201    i.DMA_DeInit        stm32f37x_dma.o
    0x08001b30   0x0000003c   Code   RO         1206    i.DMA_Init          stm32f37x_dma.o
    0x08001b6c   0x00000002   Code   RO         4169    i.DebugMon_Handler  stm32f37x_it.o
    0x08001b6e   0x00000002   PAD
    0x08001b70   0x00000018   Code   RO          251    i.Delay_ms          systick.o
    0x08001b88   0x00000048   Code   RO         4982    i.Download_Data     ccp2mem.o
    0x08001bd0   0x00000070   Code   RO         4170    i.EXTI15_10_IRQHandler  stm32f37x_it.o
    0x08001c40   0x00000070   Code   RO         4171    i.EXTI4_IRQHandler  stm32f37x_it.o
    0x08001cb0   0x00000012   Code   RO         4172    i.EXTI9_5_IRQHandler  stm32f37x_it.o
    0x08001cc2   0x00000002   PAD
    0x08001cc4   0x0000000c   Code   RO         1283    i.EXTI_ClearITPendingBit  stm32f37x_exti.o
    0x08001cd0   0x00000028   Code   RO         1287    i.EXTI_GetITStatus  stm32f37x_exti.o
    0x08001cf8   0x00000004   Code   RO         4983    i.Erase_All_Of_Flash  ccp2mem.o
    0x08001cfc   0x0000004c   Code   RO         1350    i.FLASH_ErasePage   stm32f37x_flash.o
    0x08001d48   0x00000034   Code   RO         1352    i.FLASH_GetStatus   stm32f37x_flash.o
    0x08001d7c   0x00000014   Code   RO         1355    i.FLASH_Lock        stm32f37x_flash.o
    0x08001d90   0x00000044   Code   RO         1373    i.FLASH_ProgramHalfWord  stm32f37x_flash.o
    0x08001dd4   0x00000024   Code   RO         1376    i.FLASH_Unlock      stm32f37x_flash.o
    0x08001df8   0x00000026   Code   RO         1377    i.FLASH_WaitForLastOperation  stm32f37x_flash.o
    0x08001e1e   0x00000090   Code   RO         1547    i.GPIO_Init         stm32f37x_gpio.o
    0x08001eae   0x00000046   Code   RO         1548    i.GPIO_PinAFConfig  stm32f37x_gpio.o
    0x08001ef4   0x00000012   Code   RO         1551    i.GPIO_ReadInputDataBit  stm32f37x_gpio.o
    0x08001f06   0x00000012   Code   RO         1553    i.GPIO_ReadOutputDataBit  stm32f37x_gpio.o
    0x08001f18   0x00000004   Code   RO         1555    i.GPIO_SetBits      stm32f37x_gpio.o
    0x08001f1c   0x0000000a   Code   RO         1558    i.GPIO_WriteBit     stm32f37x_gpio.o
    0x08001f26   0x00000004   Code   RO         4173    i.HardFault_Handler  stm32f37x_it.o
    0x08001f2a   0x00000002   PAD
    0x08001f2c   0x00000078   Code   RO         4438    i.IO_Configuration_base  main.o
    0x08001fa4   0x00000024   Code   RO         4747    i.Initialize_DAQ_List_Status  ccp2daq.o
    0x08001fc8   0x0000001a   Code   RO         4748    i.Initialize_DAQ_Parameters  ccp2daq.o
    0x08001fe2   0x00000004   Code   RO         4174    i.MemManage_Handler  stm32f37x_it.o
    0x08001fe6   0x00000002   PAD
    0x08001fe8   0x00000050   Code   RO         4749    i.Move_DAQ_Pointer  ccp2daq.o
    0x08002038   0x00000060   Code   RO         4750    i.Move_DAQ_Pointer_Forward_One_Element  ccp2daq.o
    0x08002098   0x00000048   Code   RO         4751    i.Move_DAQ_Pointer_To_Next_ODT  ccp2daq.o
    0x080020e0   0x0000002c   Code   RO         4985    i.Move_MTA          ccp2mem.o
    0x0800210c   0x00000002   Code   RO         4175    i.NMI_Handler       stm32f37x_it.o
    0x0800210e   0x00000002   PAD
    0x08002110   0x00000070   Code   RO         1972    i.NVIC_Init         stm32f37x_misc.o
    0x08002180   0x0000006c   Code   RO         4752    i.Number_Of_Bytes_Left_In_ODT  ccp2daq.o
    0x080021ec   0x00000020   Code   RO         2029    i.PWR_SDADCAnalogCmd  stm32f37x_pwr.o
    0x0800220c   0x00000002   Code   RO         4176    i.PendSV_Handler    stm32f37x_it.o
    0x0800220e   0x00000002   PAD
    0x08002210   0x00000070   Code   RO         4986    i.Program_Data      ccp2mem.o
    0x08002280   0x0000001c   Code   RO         2104    i.RCC_ADCCLKConfig  stm32f37x_rcc.o
    0x0800229c   0x00000020   Code   RO         2105    i.RCC_AHBPeriphClockCmd  stm32f37x_rcc.o
    0x080022bc   0x00000020   Code   RO         2107    i.RCC_APB1PeriphClockCmd  stm32f37x_rcc.o
    0x080022dc   0x00000020   Code   RO         2108    i.RCC_APB1PeriphResetCmd  stm32f37x_rcc.o
    0x080022fc   0x00000020   Code   RO         2109    i.RCC_APB2PeriphClockCmd  stm32f37x_rcc.o
    0x0800231c   0x00000020   Code   RO         2110    i.RCC_APB2PeriphResetCmd  stm32f37x_rcc.o
    0x0800233c   0x00000210   Code   RO         2118    i.RCC_GetClocksFreq  stm32f37x_rcc.o
    0x0800254c   0x0000001c   Code   RO         2138    i.RCC_SDADCCLKConfig  stm32f37x_rcc.o
    0x08002568   0x0000006c   Code   RO         4439    i.RTE_INITIAL       main.o
    0x080025d4   0x0000009c   Code   RO         4753    i.Read_DAQ_Address_Size  ccp2daq.o
    0x08002670   0x00000068   Code   RO         4987    i.Read_From_RAM_Or_Register  ccp2mem.o
    0x080026d8   0x00000038   Code   RO         4754    i.Reset_DAQ_List_Status  ccp2daq.o
    0x08002710   0x000003c4   Code   RO          215    i.SDADC1_Config     sdadc.o
    0x08002ad4   0x000000e0   Code   RO         4177    i.SDADC1_IRQHandler  stm32f37x_it.o
    0x08002bb4   0x00000140   Code   RO         4178    i.SDADC2_IRQHandler  stm32f37x_it.o
    0x08002cf4   0x0000010c   Code   RO         4179    i.SDADC3_IRQHandler  stm32f37x_it.o
    0x08002e00   0x0000001e   Code   RO         2692    i.SDADC_AINInit     stm32f37x_sdadc.o
    0x08002e1e   0x0000000e   Code   RO         2694    i.SDADC_CalibrationSequenceConfig  stm32f37x_sdadc.o
    0x08002e2c   0x00000024   Code   RO         2695    i.SDADC_ChannelConfig  stm32f37x_sdadc.o
    0x08002e50   0x00000016   Code   RO         2699    i.SDADC_Cmd         stm32f37x_sdadc.o
    0x08002e66   0x00000012   Code   RO         2710    i.SDADC_GetFlagStatus  stm32f37x_sdadc.o
    0x08002e78   0x00000024   Code   RO         2715    i.SDADC_GetInjectedConversionValue  stm32f37x_sdadc.o
    0x08002e9c   0x00000012   Code   RO         2716    i.SDADC_ITConfig    stm32f37x_sdadc.o
    0x08002eae   0x00000016   Code   RO         2718    i.SDADC_InitModeCmd  stm32f37x_sdadc.o
    0x08002ec4   0x00000006   Code   RO         2719    i.SDADC_InjectedChannelSelect  stm32f37x_sdadc.o
    0x08002eca   0x00000016   Code   RO         2720    i.SDADC_InjectedContinuousModeCmd  stm32f37x_sdadc.o
    0x08002ee0   0x0000000a   Code   RO         2726    i.SDADC_SoftwareStartInjectedConv  stm32f37x_sdadc.o
    0x08002eea   0x0000000a   Code   RO         2728    i.SDADC_StartCalibration  stm32f37x_sdadc.o
    0x08002ef4   0x00000014   Code   RO         2730    i.SDADC_VREFSelect  stm32f37x_sdadc.o
    0x08002f08   0x00000110   Code   RO         5565    i.SPI1_Configuration  spi.o
    0x08003018   0x000000ac   Code   RO         4180    i.SPI1_IRQHandler   stm32f37x_it.o
    0x080030c4   0x0000002c   Code   RO         4181    i.SPI1_ReadByte     stm32f37x_it.o
    0x080030f0   0x00000048   Code   RO         4182    i.SPI2_IRQHandler   stm32f37x_it.o
    0x08003138   0x00000014   Code   RO         4183    i.SPI2_ReadByte     stm32f37x_it.o
    0x0800314c   0x00000040   Code   RO         4184    i.SPI3_IRQHandler   stm32f37x_it.o
    0x0800318c   0x0000002c   Code   RO         4185    i.SPI3_ReadByte     stm32f37x_it.o
    0x080031b8   0x00000074   Code   RO         4441    i.SPIByte           main.o
    0x0800322c   0x00000018   Code   RO         2950    i.SPI_Cmd           stm32f37x_spi.o
    0x08003244   0x00000058   Code   RO         2958    i.SPI_I2S_DeInit    stm32f37x_spi.o
    0x0800329c   0x00000012   Code   RO         2959    i.SPI_I2S_GetFlagStatus  stm32f37x_spi.o
    0x080032ae   0x00000020   Code   RO         2961    i.SPI_I2S_ITConfig  stm32f37x_spi.o
    0x080032ce   0x00000006   Code   RO         2962    i.SPI_I2S_ReceiveData16  stm32f37x_spi.o
    0x080032d4   0x00000050   Code   RO         2964    i.SPI_Init          stm32f37x_spi.o
    0x08003324   0x0000000c   Code   RO         2968    i.SPI_ReceiveData8  stm32f37x_spi.o
    0x08003330   0x00000012   Code   RO         2969    i.SPI_RxFIFOThresholdConfig  stm32f37x_spi.o
    0x08003342   0x0000000a   Code   RO         2971    i.SPI_SendData8     stm32f37x_spi.o
    0x0800334c   0x00000022   Code   RO         4443    i.STMFLASH_Read     main.o
    0x0800336e   0x00000006   Code   RO         4444    i.STMFLASH_ReadHalfWord  main.o
    0x08003374   0x00000006   Code   RO         4445    i.STMFLASH_ReadLong  main.o
    0x0800337a   0x00000002   PAD
    0x0800337c   0x000000e8   Code   RO         4446    i.STMFLASH_Write    main.o
    0x08003464   0x00000026   Code   RO         4447    i.STMFLASH_Write_NoCheck  main.o
    0x0800348a   0x00000002   Code   RO         4186    i.SVC_Handler       stm32f37x_it.o
    0x0800348c   0x000000c4   Code   RO         4393    i.SetSysClock       system_stm32f37x.o
    0x08003550   0x00000008   Code   RO         4187    i.SysTick_Handler   stm32f37x_it.o
    0x08003558   0x00000080   Code   RO         4395    i.SystemInit        system_stm32f37x.o
    0x080035d8   0x00000108   Code   RO         4188    i.TIM12_IRQHandler  stm32f37x_it.o
    0x080036e0   0x00000200   Code   RO         4189    i.TIM19_IRQHandler  stm32f37x_it.o
    0x080038e0   0x00000028   Code   RO         4190    i.TIM2_IRQHandler   stm32f37x_it.o
    0x08003908   0x00000002   Code   RO         4191    i.TIM3_IRQHandler   stm32f37x_it.o
    0x0800390a   0x00000002   PAD
    0x0800390c   0x00000024   Code   RO         4192    i.TIM5_IRQHandler   stm32f37x_it.o
    0x08003930   0x00000006   Code   RO         3236    i.TIM_ClearFlag     stm32f37x_tim.o
    0x08003936   0x00000006   Code   RO         3237    i.TIM_ClearITPendingBit  stm32f37x_tim.o
    0x0800393c   0x00000018   Code   RO         3242    i.TIM_Cmd           stm32f37x_tim.o
    0x08003954   0x00000190   Code   RO         3247    i.TIM_DeInit        stm32f37x_tim.o
    0x08003ae4   0x00000006   Code   RO         3257    i.TIM_GetCapture1   stm32f37x_tim.o
    0x08003aea   0x00000006   Code   RO         3258    i.TIM_GetCapture2   stm32f37x_tim.o
    0x08003af0   0x00000006   Code   RO         3259    i.TIM_GetCapture3   stm32f37x_tim.o
    0x08003af6   0x00000006   Code   RO         3260    i.TIM_GetCapture4   stm32f37x_tim.o
    0x08003afc   0x00000022   Code   RO         3263    i.TIM_GetITStatus   stm32f37x_tim.o
    0x08003b1e   0x00000012   Code   RO         3267    i.TIM_ITConfig      stm32f37x_tim.o
    0x08003b30   0x00000098   Code   RO         3313    i.TIM_TimeBaseInit  stm32f37x_tim.o
    0x08003bc8   0x000000cc   Code   RO         4450    i.Timer_Configuration  main.o
    0x08003c94   0x00000018   Code   RO          253    i.TimingDelay_Decrement  systick.o
    0x08003cac   0x000000ec   Code   RO         4193    i.USART3_IRQHandler  stm32f37x_it.o
    0x08003d98   0x00000004   Code   RO         3789    i.USART_ClearFlag   stm32f37x_usart.o
    0x08003d9c   0x00000012   Code   RO         3790    i.USART_ClearITPendingBit  stm32f37x_usart.o
    0x08003dae   0x00000012   Code   RO         3801    i.USART_GetFlagStatus  stm32f37x_usart.o
    0x08003dc0   0x0000004a   Code   RO         3802    i.USART_GetITStatus  stm32f37x_usart.o
    0x08003e0a   0x0000000a   Code   RO         3817    i.USART_ReceiveData  stm32f37x_usart.o
    0x08003e14   0x00000064   Code   RO         4757    i.Update_Session_Status_LOGGING  ccp2daq.o
    0x08003e78   0x00000004   Code   RO         4194    i.UsageFault_Handler  stm32f37x_it.o
    0x08003e7c   0x00000028   Code   RO         4988    i.Write_To_EEPROM   ccp2mem.o
    0x08003ea4   0x00000028   Code   RO         4989    i.Write_To_Flash    ccp2mem.o
    0x08003ecc   0x00000070   Code   RO         4990    i.Write_To_RAM_Or_Register  ccp2mem.o
    0x08003f3c   0x000000a4   Code   RO         4758    i.Write_to_Current_DAQ_Pointer  ccp2daq.o
    0x08003fe0   0x0000000c   Code   RO         4454    i.delay             main.o
    0x08003fec   0x00000534   Code   RO         4455    i.main              main.o
    0x08004520   0x00000062   Code   RO         5592    x$fpl$d2f           fz_wm.l(d2f.o)
    0x08004582   0x00000002   PAD
    0x08004584   0x00000150   Code   RO         5594    x$fpl$dadd          fz_wm.l(daddsub_clz.o)
    0x080046d4   0x000002b0   Code   RO         5601    x$fpl$ddiv          fz_wm.l(ddiv.o)
    0x08004984   0x0000005a   Code   RO         5604    x$fpl$dfixu         fz_wm.l(dfixu.o)
    0x080049de   0x00000026   Code   RO         5608    x$fpl$dfltu         fz_wm.l(dflt_clz.o)
    0x08004a04   0x00000154   Code   RO         5614    x$fpl$dmul          fz_wm.l(dmul.o)
    0x08004b58   0x0000009c   Code   RO         5619    x$fpl$dnaninf       fz_wm.l(dnaninf.o)
    0x08004bf4   0x0000000c   Code   RO         5621    x$fpl$dretinf       fz_wm.l(dretinf.o)
    0x08004c00   0x000001d4   Code   RO         5596    x$fpl$dsub          fz_wm.l(daddsub_clz.o)
    0x08004dd4   0x00000056   Code   RO         5616    x$fpl$f2d           fz_wm.l(f2d.o)
    0x08004e2a   0x0000008c   Code   RO         5623    x$fpl$fnaninf       fz_wm.l(fnaninf.o)
    0x08004eb6   0x0000000a   Code   RO         5712    x$fpl$fpinit        fz_wm.l(fpinit.o)
    0x08004ec0   0x0000000a   Code   RO         5625    x$fpl$fretinf       fz_wm.l(fretinf.o)
    0x08004eca   0x00000000   Code   RO         5627    x$fpl$usenofp       fz_wm.l(usenofp.o)
    0x08004eca   0x00000002   PAD
    0x08004ecc   0x000000d0   Data   RO         4628    .constdata          ccp2conf.o
    0x08004f9c   0x0000001e   Data   RO         4760    .constdata          ccp2daq.o
    0x08004fba   0x00000002   PAD
    0x08004fbc   0x000001b4   Data   RO         5398    .constdata          io_can_config.o
    0x08005170   0x00000020   Data   RO         5779    Region$$Table       anon$$obj.o


    Execution Region ER_RW (Base: 0x20000000, Size: 0x00000258, Max: 0xffffffff, ABSOLUTE, COMPRESSED[0x00000078])

    Base Addr    Size         Type   Attr      Idx    E Section Name        Object

    0x20000000   0x00000004   Data   RW          254    .data               systick.o
    0x20000004   0x00000024   Data   RW         2143    .data               stm32f37x_rcc.o
    0x20000028   0x0000003e   Data   RW         4196    .data               stm32f37x_it.o
    0x20000066   0x00000002   PAD
    0x20000068   0x000001ae   Data   RW         4457    .data               main.o
    0x20000216   0x00000002   PAD
    0x20000218   0x0000000b   Data   RW         4761    .data               ccp2daq.o
    0x20000223   0x00000001   PAD
    0x20000224   0x00000008   Data   RW         4991    .data               ccp2mem.o
    0x2000022c   0x00000005   Data   RW         5200    .data               ccp2session_nvm.o
    0x20000231   0x00000003   PAD
    0x20000234   0x00000022   Data   RW         5474    .data               can.o


    Execution Region ER_ZI (Base: 0x20000258, Size: 0x00001930, Max: 0xffffffff, ABSOLUTE)

    Base Addr    Size         Type   Attr      Idx    E Section Name        Object

    0x20000258   0x0000027c   Zero   RW         4195    .bss                stm32f37x_it.o
    0x200004d4   0x00000e6a   Zero   RW         4456    .bss                main.o
    0x2000133e   0x00000078   Zero   RW         4627    .bss                ccp2conf.o
    0x200013b6   0x00000002   PAD
    0x200013b8   0x00000050   Zero   RW         4759    .bss                ccp2daq.o
    0x20001408   0x0000002c   Zero   RW         4907    .bss                ccp2main.o
    0x20001434   0x000000f0   Zero   RW         5175    .bss                ccp2nvmd.o
    0x20001524   0x00000060   Zero   RW         5654    .bss                c_w.l(libspace.o)
    0x20001584   0x00000004   PAD
    0x20001588   0x00000200   Zero   RW         5459    HEAP                startup_stm32f37x.o
    0x20001788   0x00000400   Zero   RW         5458    STACK               startup_stm32f37x.o


==============================================================================

Image component sizes


      Code (inc. data)   RO Data    RW Data    ZI Data      Debug   Object Name

       812         64          0         34          0       3724   can.o
       350         66        208          0        120      15563   ccp2conf.o
      2074        164         30         11         80      15080   ccp2daq.o
        32          4          0          0         44       4587   ccp2main.o
      1064         96          0          8          0      10976   ccp2mem.o
       452         36          0          0          0       3611   ccp2mode.o
         0          0          0          0        240        770   ccp2nvmd.o
         0          0          0          5          0        578   ccp2session_nvm.o
         0          0        436          0          0       3973   io_can_config.o
      2712        222          0        430       3690      43494   main.o
         0          0          0          0          0     261944   sd.o
       964         58          0          0          0       1240   sdadc.o
       272         12          0          0          0        717   spi.o
        64         26        392          0       1536        804   startup_stm32f37x.o
       414          6          0          0          0       6632   stm32f37x_adc.o
      1350         34          0          0          0       6536   stm32f37x_can.o
       416          8          0          0          0       3302   stm32f37x_dma.o
        52         12          0          0          0       1088   stm32f37x_exti.o
       290         36          0          0          0       3289   stm32f37x_flash.o
       264          0          0          0          0       3935   stm32f37x_gpio.o
      2756        400          0         62        636      20269   stm32f37x_it.o
       112         12          0          0          0        976   stm32f37x_misc.o
        32          6          0          0          0        545   stm32f37x_pwr.o
       744         66          0         36          0       6404   stm32f37x_rcc.o
       264         16          0          0          0       7800   stm32f37x_sdadc.o
       288         12          0          0          0       5540   stm32f37x_spi.o
       664         94          0          0          0       6659   stm32f37x_tim.o
       124          0          0          0          0       3582   stm32f37x_usart.o
       324         26          0          0          0       1409   system_stm32f37x.o
        48         10          0          4          0       1311   systick.o

    ----------------------------------------------------------------------
     16964       1486       1100        600       6348     446338   Object Totals
         0          0         32          0          0          0   (incl. Generated)
        26          0          2         10          2          0   (incl. Padding)

    ----------------------------------------------------------------------

      Code (inc. data)   RO Data    RW Data    ZI Data      Debug   Library Member Name

        90          0          0          0          0          0   __dczerorl2.o
         8          0          0          0          0         68   __main.o
         0          0          0          0          0          0   __rtentry.o
        12          0          0          0          0          0   __rtentry2.o
         6          0          0          0          0          0   __rtentry4.o
        52          8          0          0          0          0   __scatter.o
        28          0          0          0          0          0   __scatter_zi.o
        12          0          0          0          0         72   exit.o
         6          0          0          0          0        152   heapauxi.o
         0          0          0          0          0          0   indicate_semi.o
         2          0          0          0          0          0   libinit.o
         6          0          0          0          0          0   libinit2.o
         2          0          0          0          0          0   libshutdown.o
         2          0          0          0          0          0   libshutdown2.o
         8          4          0          0         96         68   libspace.o
         2          0          0          0          0          0   rtexit.o
        10          0          0          0          0          0   rtexit2.o
        12          4          0          0          0         68   sys_exit.o
        74          0          0          0          0         80   sys_stackheap_outer.o
         2          0          0          0          0         68   use_no_semi.o
        98          4          0          0          0        140   d2f.o
       804         16          0          0          0        368   daddsub_clz.o
       688        140          0          0          0        256   ddiv.o
        90          4          0          0          0        140   dfixu.o
        38          0          0          0          0        116   dflt_clz.o
       340         12          0          0          0        152   dmul.o
       156          4          0          0          0        140   dnaninf.o
        12          0          0          0          0        116   dretinf.o
        86          4          0          0          0        132   f2d.o
       140          4          0          0          0        132   fnaninf.o
        10          0          0          0          0        116   fpinit.o
        10          0          0          0          0        116   fretinf.o
         0          0          0          0          0          0   usenofp.o

    ----------------------------------------------------------------------
      2816        204          0          0        100       2500   Library Totals
        10          0          0          0          4          0   (incl. Padding)

    ----------------------------------------------------------------------

      Code (inc. data)   RO Data    RW Data    ZI Data      Debug   Library Name

       334         16          0          0         96        576   c_w.l
      2472        188          0          0          0       1924   fz_wm.l

    ----------------------------------------------------------------------
      2816        204          0          0        100       2500   Library Totals

    ----------------------------------------------------------------------

==============================================================================


      Code (inc. data)   RO Data    RW Data    ZI Data      Debug   

     19780       1690       1100        600       6448     428782   Grand Totals
     19780       1690       1100        120       6448     428782   ELF Image Totals (compressed)
     19780       1690       1100        120          0          0   ROM Totals

==============================================================================

    Total RO  Size (Code + RO Data)                20880 (  20.39kB)
    Total RW  Size (RW Data + ZI Data)              7048 (   6.88kB)
    Total ROM Size (Code + RO Data + RW Data)      21000 (  20.51kB)

==============================================================================

